[2026-07-04 02:18:44] Parallel run starting. run_label=parallel_20260704_021844 logs=logs/parallel_20260704_021844
[2026-07-04 02:18:44] GPU pool: 0 1
[2026-07-04 02:18:44] Shard count (all stages): 4 over 100 target prompts
[2026-07-04 02:18:44] Full deterministic oracle preset: rollout_post_prompt_oracle
[2026-07-04 02:18:44] Oracle prompt paths: prompts/oracle_prompts/default_oracle_prompts.json,prompts/oracle_prompts/model_answer_min_200_words.json
[2026-07-04 02:18:44] Job table:
[2026-07-04 02:18:44]   job=target_shard_0 type=target preset=target_judging_only offset=0 limit=25 oracle_prompts_path=none depends_on=none ladder=target_judge
[2026-07-04 02:18:44]   job=control_shard_0 type=target_control preset=oracle_target_control offset=0 limit=25 oracle_prompts_path=none depends_on=none ladder=target_judge
[2026-07-04 02:18:44]   job=target_shard_1 type=target preset=target_judging_only offset=25 limit=25 oracle_prompts_path=none depends_on=none ladder=target_judge
[2026-07-04 02:18:44]   job=control_shard_1 type=target_control preset=oracle_target_control offset=25 limit=25 oracle_prompts_path=none depends_on=none ladder=target_judge
[2026-07-04 02:18:44]   job=target_shard_2 type=target preset=target_judging_only offset=50 limit=25 oracle_prompts_path=none depends_on=none ladder=target_judge
[2026-07-04 02:18:44]   job=control_shard_2 type=target_control preset=oracle_target_control offset=50 limit=25 oracle_prompts_path=none depends_on=none ladder=target_judge
[2026-07-04 02:18:44]   job=target_shard_3 type=target preset=target_judging_only offset=75 limit=25 oracle_prompts_path=none depends_on=none ladder=target_judge
[2026-07-04 02:18:44]   job=control_shard_3 type=target_control preset=oracle_target_control offset=75 limit=25 oracle_prompts_path=none depends_on=none ladder=target_judge
[2026-07-04 02:18:44]   job=prompt_only_prompt_0_shard_0 type=prompt_only preset=prompt_only_oracle offset=0 limit=25 oracle_prompts_path=prompts/oracle_prompts/default_oracle_prompts.json depends_on=none ladder=oracle_eval_judge
[2026-07-04 02:18:44]   job=deterministic_prompt_0_shard_0 type=deterministic preset=rollout_post_prompt_oracle offset=0 limit=25 oracle_prompts_path=prompts/oracle_prompts/default_oracle_prompts.json depends_on=target_shard_0 ladder=oracle_eval_judge
[2026-07-04 02:18:44]   job=prompt_only_prompt_0_shard_1 type=prompt_only preset=prompt_only_oracle offset=25 limit=25 oracle_prompts_path=prompts/oracle_prompts/default_oracle_prompts.json depends_on=none ladder=oracle_eval_judge
[2026-07-04 02:18:44]   job=deterministic_prompt_0_shard_1 type=deterministic preset=rollout_post_prompt_oracle offset=25 limit=25 oracle_prompts_path=prompts/oracle_prompts/default_oracle_prompts.json depends_on=target_shard_1 ladder=oracle_eval_judge
[2026-07-04 02:18:44]   job=prompt_only_prompt_0_shard_2 type=prompt_only preset=prompt_only_oracle offset=50 limit=25 oracle_prompts_path=prompts/oracle_prompts/default_oracle_prompts.json depends_on=none ladder=oracle_eval_judge
[2026-07-04 02:18:44]   job=deterministic_prompt_0_shard_2 type=deterministic preset=rollout_post_prompt_oracle offset=50 limit=25 oracle_prompts_path=prompts/oracle_prompts/default_oracle_prompts.json depends_on=target_shard_2 ladder=oracle_eval_judge
[2026-07-04 02:18:44]   job=prompt_only_prompt_0_shard_3 type=prompt_only preset=prompt_only_oracle offset=75 limit=25 oracle_prompts_path=prompts/oracle_prompts/default_oracle_prompts.json depends_on=none ladder=oracle_eval_judge
[2026-07-04 02:18:44]   job=deterministic_prompt_0_shard_3 type=deterministic preset=rollout_post_prompt_oracle offset=75 limit=25 oracle_prompts_path=prompts/oracle_prompts/default_oracle_prompts.json depends_on=target_shard_3 ladder=oracle_eval_judge
[2026-07-04 02:18:44]   job=prompt_only_prompt_1_shard_0 type=prompt_only preset=prompt_only_oracle offset=0 limit=25 oracle_prompts_path=prompts/oracle_prompts/model_answer_min_200_words.json depends_on=none ladder=oracle_eval_judge
[2026-07-04 02:18:44]   job=deterministic_prompt_1_shard_0 type=deterministic preset=rollout_post_prompt_oracle offset=0 limit=25 oracle_prompts_path=prompts/oracle_prompts/model_answer_min_200_words.json depends_on=target_shard_0 ladder=oracle_eval_judge
[2026-07-04 02:18:44]   job=prompt_only_prompt_1_shard_1 type=prompt_only preset=prompt_only_oracle offset=25 limit=25 oracle_prompts_path=prompts/oracle_prompts/model_answer_min_200_words.json depends_on=none ladder=oracle_eval_judge
[2026-07-04 02:18:44]   job=deterministic_prompt_1_shard_1 type=deterministic preset=rollout_post_prompt_oracle offset=25 limit=25 oracle_prompts_path=prompts/oracle_prompts/model_answer_min_200_words.json depends_on=target_shard_1 ladder=oracle_eval_judge
[2026-07-04 02:18:44]   job=prompt_only_prompt_1_shard_2 type=prompt_only preset=prompt_only_oracle offset=50 limit=25 oracle_prompts_path=prompts/oracle_prompts/model_answer_min_200_words.json depends_on=none ladder=oracle_eval_judge
[2026-07-04 02:18:44]   job=deterministic_prompt_1_shard_2 type=deterministic preset=rollout_post_prompt_oracle offset=50 limit=25 oracle_prompts_path=prompts/oracle_prompts/model_answer_min_200_words.json depends_on=target_shard_2 ladder=oracle_eval_judge
[2026-07-04 02:18:44]   job=prompt_only_prompt_1_shard_3 type=prompt_only preset=prompt_only_oracle offset=75 limit=25 oracle_prompts_path=prompts/oracle_prompts/model_answer_min_200_words.json depends_on=none ladder=oracle_eval_judge
[2026-07-04 02:18:44]   job=deterministic_prompt_1_shard_3 type=deterministic preset=rollout_post_prompt_oracle offset=75 limit=25 oracle_prompts_path=prompts/oracle_prompts/model_answer_min_200_words.json depends_on=target_shard_3 ladder=oracle_eval_judge
[2026-07-04 02:18:44] Launching job=target_shard_0 gpu=0 type=target depends_on=none
[2026-07-04 02:18:44] Starting GPU 0 attempt: ./run_oracle_experiment.sh --preset target_judging_only --target-prompt-offset 0 --target-prompt-limit 25 --num-rollouts 50 --target-judge-batch-size 64 --judge-instruction-path strongReject_v5.jinja2 --judge-thinking off --wandb on --wandb-run-name parallel_20260704_021844__target_shard_0 --set WANDB_GROUP=parallel_20260704_021844 --set WANDB_JOB_TYPE=target_shard_0 
[2026-07-04 02:18:44] Launching job=control_shard_0 gpu=1 type=target_control depends_on=none
[2026-07-04 02:18:44] Attempt log: logs/parallel_20260704_021844/target_shard_0_attempt-1_target-judge-batch-64.log
[2026-07-04 02:18:44] Starting GPU 1 attempt: ./run_oracle_experiment.sh --preset oracle_target_control --target-prompt-offset 0 --target-prompt-limit 25 --num-rollouts 50 --target-judge-batch-size 64 --target-thinking off --judge-instruction-path strongReject_v5.jinja2 --judge-thinking off --wandb on --wandb-run-name parallel_20260704_021844__control_shard_0 --set WANDB_GROUP=parallel_20260704_021844 --set WANDB_JOB_TYPE=control_shard_0 
[2026-07-04 02:18:44] Attempt log: logs/parallel_20260704_021844/control_shard_0_attempt-1_target-judge-batch-64.log
[2026-07-04 02:19:23] Finished GPU 0 attempt successfully: target_shard_0_attempt-1_target-judge-batch-64.log
[2026-07-04 02:19:24] Finished GPU 1 attempt successfully: control_shard_0_attempt-1_target-judge-batch-64.log
[2026-07-04 02:19:25] Job completed: target_shard_0 gpu=0
[2026-07-04 02:19:25] Job completed: control_shard_0 gpu=1
[2026-07-04 02:19:25] Launching job=target_shard_1 gpu=0 type=target depends_on=none
[2026-07-04 02:19:25] Starting GPU 0 attempt: ./run_oracle_experiment.sh --preset target_judging_only --target-prompt-offset 25 --target-prompt-limit 25 --num-rollouts 50 --target-judge-batch-size 64 --judge-instruction-path strongReject_v5.jinja2 --judge-thinking off --wandb on --wandb-run-name parallel_20260704_021844__target_shard_1 --set WANDB_GROUP=parallel_20260704_021844 --set WANDB_JOB_TYPE=target_shard_1 
[2026-07-04 02:19:25] Launching job=control_shard_1 gpu=1 type=target_control depends_on=none
[2026-07-04 02:19:25] Attempt log: logs/parallel_20260704_021844/target_shard_1_attempt-1_target-judge-batch-64.log
[2026-07-04 02:19:25] Starting GPU 1 attempt: ./run_oracle_experiment.sh --preset oracle_target_control --target-prompt-offset 25 --target-prompt-limit 25 --num-rollouts 50 --target-judge-batch-size 64 --target-thinking off --judge-instruction-path strongReject_v5.jinja2 --judge-thinking off --wandb on --wandb-run-name parallel_20260704_021844__control_shard_1 --set WANDB_GROUP=parallel_20260704_021844 --set WANDB_JOB_TYPE=control_shard_1 
[2026-07-04 02:19:25] Attempt log: logs/parallel_20260704_021844/control_shard_1_attempt-1_target-judge-batch-64.log
[2026-07-04 02:20:04] Finished GPU 0 attempt successfully: target_shard_1_attempt-1_target-judge-batch-64.log
[2026-07-04 02:20:05] Job completed: target_shard_1 gpu=0
[2026-07-04 02:20:05] Finished GPU 1 attempt successfully: control_shard_1_attempt-1_target-judge-batch-64.log
[2026-07-04 02:20:10] Launching job=target_shard_2 gpu=0 type=target depends_on=none
[2026-07-04 02:20:10] Starting GPU 0 attempt: ./run_oracle_experiment.sh --preset target_judging_only --target-prompt-offset 50 --target-prompt-limit 25 --num-rollouts 50 --target-judge-batch-size 64 --judge-instruction-path strongReject_v5.jinja2 --judge-thinking off --wandb on --wandb-run-name parallel_20260704_021844__target_shard_2 --set WANDB_GROUP=parallel_20260704_021844 --set WANDB_JOB_TYPE=target_shard_2 
[2026-07-04 02:20:10] Job completed: control_shard_1 gpu=1
[2026-07-04 02:20:10] Attempt log: logs/parallel_20260704_021844/target_shard_2_attempt-1_target-judge-batch-64.log
[2026-07-04 02:20:15] Launching job=control_shard_2 gpu=1 type=target_control depends_on=none
[2026-07-04 02:20:15] Starting GPU 1 attempt: ./run_oracle_experiment.sh --preset oracle_target_control --target-prompt-offset 50 --target-prompt-limit 25 --num-rollouts 50 --target-judge-batch-size 64 --target-thinking off --judge-instruction-path strongReject_v5.jinja2 --judge-thinking off --wandb on --wandb-run-name parallel_20260704_021844__control_shard_2 --set WANDB_GROUP=parallel_20260704_021844 --set WANDB_JOB_TYPE=control_shard_2 
[2026-07-04 02:20:15] Attempt log: logs/parallel_20260704_021844/control_shard_2_attempt-1_target-judge-batch-64.log
[2026-07-04 02:20:33] Finished GPU 0 attempt successfully: target_shard_2_attempt-1_target-judge-batch-64.log
[2026-07-04 02:20:35] Job completed: target_shard_2 gpu=0
[2026-07-04 02:20:39] Finished GPU 1 attempt successfully: control_shard_2_attempt-1_target-judge-batch-64.log
[2026-07-04 02:20:40] Launching job=target_shard_3 gpu=0 type=target depends_on=none
[2026-07-04 02:20:40] Starting GPU 0 attempt: ./run_oracle_experiment.sh --preset target_judging_only --target-prompt-offset 75 --target-prompt-limit 25 --num-rollouts 50 --target-judge-batch-size 64 --judge-instruction-path strongReject_v5.jinja2 --judge-thinking off --wandb on --wandb-run-name parallel_20260704_021844__target_shard_3 --set WANDB_GROUP=parallel_20260704_021844 --set WANDB_JOB_TYPE=target_shard_3 
[2026-07-04 02:20:40] Job completed: control_shard_2 gpu=1
[2026-07-04 02:20:40] Attempt log: logs/parallel_20260704_021844/target_shard_3_attempt-1_target-judge-batch-64.log
[2026-07-04 02:20:45] Launching job=control_shard_3 gpu=1 type=target_control depends_on=none
[2026-07-04 02:20:45] Starting GPU 1 attempt: ./run_oracle_experiment.sh --preset oracle_target_control --target-prompt-offset 75 --target-prompt-limit 25 --num-rollouts 50 --target-judge-batch-size 64 --target-thinking off --judge-instruction-path strongReject_v5.jinja2 --judge-thinking off --wandb on --wandb-run-name parallel_20260704_021844__control_shard_3 --set WANDB_GROUP=parallel_20260704_021844 --set WANDB_JOB_TYPE=control_shard_3 
[2026-07-04 02:20:45] Attempt log: logs/parallel_20260704_021844/control_shard_3_attempt-1_target-judge-batch-64.log
[2026-07-04 02:21:05] Finished GPU 0 attempt successfully: target_shard_3_attempt-1_target-judge-batch-64.log
[2026-07-04 02:21:10] Job completed: target_shard_3 gpu=0
[2026-07-04 02:21:10] Finished GPU 1 attempt successfully: control_shard_3_attempt-1_target-judge-batch-64.log
[2026-07-04 02:21:15] Launching job=prompt_only_prompt_0_shard_0 gpu=0 type=prompt_only depends_on=none
[2026-07-04 02:21:15] Starting GPU 0 attempt: ./run_oracle_experiment.sh --preset prompt_only_oracle --target-prompt-offset 0 --target-prompt-limit 25 --num-oracle-rollouts 50 --oracle-prompts-path prompts/oracle_prompts/default_oracle_prompts.json --oracle-eval-batch-size 128 --oracle-judge-batch-size 64 --judge-instruction-path strongReject_v5.jinja2 --judge-thinking off --wandb on --wandb-run-name parallel_20260704_021844__prompt_only_prompt_0_shard_0 --set WANDB_GROUP=parallel_20260704_021844 --set WANDB_JOB_TYPE=prompt_only_prompt_0_shard_0 
[2026-07-04 02:21:15] Attempt log: logs/parallel_20260704_021844/prompt_only_prompt_0_shard_0_attempt-1_oracle-eval-128_oracle-judge-64.log
[2026-07-04 02:21:15] Job completed: control_shard_3 gpu=1
[2026-07-04 02:21:20] Launching job=deterministic_prompt_0_shard_0 gpu=1 type=deterministic depends_on=target_shard_0
[2026-07-04 02:21:20] Starting GPU 1 attempt: ./run_oracle_experiment.sh --preset rollout_post_prompt_oracle --target-prompt-offset 0 --target-prompt-limit 25 --num-rollouts 50 --oracle-prompts-path prompts/oracle_prompts/default_oracle_prompts.json --oracle-eval-batch-size 128 --oracle-judge-batch-size 64 --judge-instruction-path strongReject_v5.jinja2 --judge-thinking off --wandb on --wandb-run-name parallel_20260704_021844__deterministic_prompt_0_shard_0 --set WANDB_GROUP=parallel_20260704_021844 --set WANDB_JOB_TYPE=deterministic_prompt_0_shard_0 
[2026-07-04 02:21:20] Attempt log: logs/parallel_20260704_021844/deterministic_prompt_0_shard_0_attempt-1_oracle-eval-128_oracle-judge-64.log
[2026-07-04 03:19:53] Finished GPU 1 attempt successfully: deterministic_prompt_0_shard_0_attempt-1_oracle-eval-128_oracle-judge-64.log
[2026-07-04 03:19:55] Job completed: deterministic_prompt_0_shard_0 gpu=1
[2026-07-04 03:20:00] Launching job=prompt_only_prompt_0_shard_1 gpu=1 type=prompt_only depends_on=none
[2026-07-04 03:20:00] Starting GPU 1 attempt: ./run_oracle_experiment.sh --preset prompt_only_oracle --target-prompt-offset 25 --target-prompt-limit 25 --num-oracle-rollouts 50 --oracle-prompts-path prompts/oracle_prompts/default_oracle_prompts.json --oracle-eval-batch-size 128 --oracle-judge-batch-size 64 --judge-instruction-path strongReject_v5.jinja2 --judge-thinking off --wandb on --wandb-run-name parallel_20260704_021844__prompt_only_prompt_0_shard_1 --set WANDB_GROUP=parallel_20260704_021844 --set WANDB_JOB_TYPE=prompt_only_prompt_0_shard_1 
[2026-07-04 03:20:00] Attempt log: logs/parallel_20260704_021844/prompt_only_prompt_0_shard_1_attempt-1_oracle-eval-128_oracle-judge-64.log
[2026-07-04 04:02:32] Finished GPU 0 attempt successfully: prompt_only_prompt_0_shard_0_attempt-1_oracle-eval-128_oracle-judge-64.log
[2026-07-04 04:02:35] Job completed: prompt_only_prompt_0_shard_0 gpu=0
[2026-07-04 04:02:40] Launching job=deterministic_prompt_0_shard_1 gpu=0 type=deterministic depends_on=target_shard_1
[2026-07-04 04:02:40] Starting GPU 0 attempt: ./run_oracle_experiment.sh --preset rollout_post_prompt_oracle --target-prompt-offset 25 --target-prompt-limit 25 --num-rollouts 50 --oracle-prompts-path prompts/oracle_prompts/default_oracle_prompts.json --oracle-eval-batch-size 128 --oracle-judge-batch-size 64 --judge-instruction-path strongReject_v5.jinja2 --judge-thinking off --wandb on --wandb-run-name parallel_20260704_021844__deterministic_prompt_0_shard_1 --set WANDB_GROUP=parallel_20260704_021844 --set WANDB_JOB_TYPE=deterministic_prompt_0_shard_1 
[2026-07-04 04:02:40] Attempt log: logs/parallel_20260704_021844/deterministic_prompt_0_shard_1_attempt-1_oracle-eval-128_oracle-judge-64.log
[2026-07-04 04:15:12] GPU 0 attempt failed with exit code 1: deterministic_prompt_0_shard_1_attempt-1_oracle-eval-128_oracle-judge-64.log
[2026-07-04 04:15:12] deterministic_prompt_0_shard_1 hit OOM; retrying with next oracle eval/judge batch pair.
[2026-07-04 04:15:12] Starting GPU 0 attempt: ./run_oracle_experiment.sh --preset rollout_post_prompt_oracle --target-prompt-offset 25 --target-prompt-limit 25 --num-rollouts 50 --oracle-prompts-path prompts/oracle_prompts/default_oracle_prompts.json --oracle-eval-batch-size 128 --oracle-judge-batch-size 32 --judge-instruction-path strongReject_v5.jinja2 --judge-thinking off --wandb on --wandb-run-name parallel_20260704_021844__deterministic_prompt_0_shard_1 --set WANDB_GROUP=parallel_20260704_021844 --set WANDB_JOB_TYPE=deterministic_prompt_0_shard_1 
[2026-07-04 04:15:12] Attempt log: logs/parallel_20260704_021844/deterministic_prompt_0_shard_1_attempt-2_oracle-eval-128_oracle-judge-32.log
[2026-07-04 04:16:00] GPU 0 attempt failed with exit code 1: deterministic_prompt_0_shard_1_attempt-2_oracle-eval-128_oracle-judge-32.log
[2026-07-04 04:16:00] deterministic_prompt_0_shard_1 hit OOM; retrying with next oracle eval/judge batch pair.
[2026-07-04 04:16:00] Starting GPU 0 attempt: ./run_oracle_experiment.sh --preset rollout_post_prompt_oracle --target-prompt-offset 25 --target-prompt-limit 25 --num-rollouts 50 --oracle-prompts-path prompts/oracle_prompts/default_oracle_prompts.json --oracle-eval-batch-size 64 --oracle-judge-batch-size 32 --judge-instruction-path strongReject_v5.jinja2 --judge-thinking off --wandb on --wandb-run-name parallel_20260704_021844__deterministic_prompt_0_shard_1 --set WANDB_GROUP=parallel_20260704_021844 --set WANDB_JOB_TYPE=deterministic_prompt_0_shard_1 
[2026-07-04 04:16:00] Attempt log: logs/parallel_20260704_021844/deterministic_prompt_0_shard_1_attempt-3_oracle-eval-64_oracle-judge-32.log
[2026-07-04 04:16:48] GPU 0 attempt failed with exit code 1: deterministic_prompt_0_shard_1_attempt-3_oracle-eval-64_oracle-judge-32.log
[2026-07-04 04:16:48] deterministic_prompt_0_shard_1 hit OOM; retrying with next oracle eval/judge batch pair.
[2026-07-04 04:16:48] Starting GPU 0 attempt: ./run_oracle_experiment.sh --preset rollout_post_prompt_oracle --target-prompt-offset 25 --target-prompt-limit 25 --num-rollouts 50 --oracle-prompts-path prompts/oracle_prompts/default_oracle_prompts.json --oracle-eval-batch-size 64 --oracle-judge-batch-size 16 --judge-instruction-path strongReject_v5.jinja2 --judge-thinking off --wandb on --wandb-run-name parallel_20260704_021844__deterministic_prompt_0_shard_1 --set WANDB_GROUP=parallel_20260704_021844 --set WANDB_JOB_TYPE=deterministic_prompt_0_shard_1 
[2026-07-04 04:16:48] Attempt log: logs/parallel_20260704_021844/deterministic_prompt_0_shard_1_attempt-4_oracle-eval-64_oracle-judge-16.log
[2026-07-04 04:17:38] GPU 0 attempt failed with exit code 1: deterministic_prompt_0_shard_1_attempt-4_oracle-eval-64_oracle-judge-16.log
[2026-07-04 04:17:38] deterministic_prompt_0_shard_1 hit OOM; retrying with next oracle eval/judge batch pair.
[2026-07-04 04:17:38] Starting GPU 0 attempt: ./run_oracle_experiment.sh --preset rollout_post_prompt_oracle --target-prompt-offset 25 --target-prompt-limit 25 --num-rollouts 50 --oracle-prompts-path prompts/oracle_prompts/default_oracle_prompts.json --oracle-eval-batch-size 32 --oracle-judge-batch-size 16 --judge-instruction-path strongReject_v5.jinja2 --judge-thinking off --wandb on --wandb-run-name parallel_20260704_021844__deterministic_prompt_0_shard_1 --set WANDB_GROUP=parallel_20260704_021844 --set WANDB_JOB_TYPE=deterministic_prompt_0_shard_1 
[2026-07-04 04:17:38] Attempt log: logs/parallel_20260704_021844/deterministic_prompt_0_shard_1_attempt-5_oracle-eval-32_oracle-judge-16.log
[2026-07-04 04:18:25] GPU 0 attempt failed with exit code 1: deterministic_prompt_0_shard_1_attempt-5_oracle-eval-32_oracle-judge-16.log
[2026-07-04 04:18:25] deterministic_prompt_0_shard_1 hit OOM; retrying with next oracle eval/judge batch pair.
[2026-07-04 04:18:25] Starting GPU 0 attempt: ./run_oracle_experiment.sh --preset rollout_post_prompt_oracle --target-prompt-offset 25 --target-prompt-limit 25 --num-rollouts 50 --oracle-prompts-path prompts/oracle_prompts/default_oracle_prompts.json --oracle-eval-batch-size 32 --oracle-judge-batch-size 8 --judge-instruction-path strongReject_v5.jinja2 --judge-thinking off --wandb on --wandb-run-name parallel_20260704_021844__deterministic_prompt_0_shard_1 --set WANDB_GROUP=parallel_20260704_021844 --set WANDB_JOB_TYPE=deterministic_prompt_0_shard_1 
[2026-07-04 04:18:25] Attempt log: logs/parallel_20260704_021844/deterministic_prompt_0_shard_1_attempt-6_oracle-eval-32_oracle-judge-8.log
[2026-07-04 04:19:12] GPU 0 attempt failed with exit code 1: deterministic_prompt_0_shard_1_attempt-6_oracle-eval-32_oracle-judge-8.log
[2026-07-04 04:19:12] deterministic_prompt_0_shard_1 hit OOM; retrying with next oracle eval/judge batch pair.
[2026-07-04 04:19:12] deterministic_prompt_0_shard_1 exhausted oracle OOM retry ladder.
[2026-07-04 04:19:17] Job failed: deterministic_prompt_0_shard_1 gpu=0 status=1
[2026-07-04 04:19:22] Launching job=prompt_only_prompt_0_shard_2 gpu=0 type=prompt_only depends_on=none
[2026-07-04 04:19:22] Starting GPU 0 attempt: ./run_oracle_experiment.sh --preset prompt_only_oracle --target-prompt-offset 50 --target-prompt-limit 25 --num-oracle-rollouts 50 --oracle-prompts-path prompts/oracle_prompts/default_oracle_prompts.json --oracle-eval-batch-size 128 --oracle-judge-batch-size 64 --judge-instruction-path strongReject_v5.jinja2 --judge-thinking off --wandb on --wandb-run-name parallel_20260704_021844__prompt_only_prompt_0_shard_2 --set WANDB_GROUP=parallel_20260704_021844 --set WANDB_JOB_TYPE=prompt_only_prompt_0_shard_2 
[2026-07-04 04:19:22] Attempt log: logs/parallel_20260704_021844/prompt_only_prompt_0_shard_2_attempt-1_oracle-eval-128_oracle-judge-64.log
[2026-07-04 05:00:14] Finished GPU 1 attempt successfully: prompt_only_prompt_0_shard_1_attempt-1_oracle-eval-128_oracle-judge-64.log
[2026-07-04 05:00:16] Job completed: prompt_only_prompt_0_shard_1 gpu=1
[2026-07-04 05:00:21] Launching job=deterministic_prompt_0_shard_2 gpu=1 type=deterministic depends_on=target_shard_2
[2026-07-04 05:00:21] Starting GPU 1 attempt: ./run_oracle_experiment.sh --preset rollout_post_prompt_oracle --target-prompt-offset 50 --target-prompt-limit 25 --num-rollouts 50 --oracle-prompts-path prompts/oracle_prompts/default_oracle_prompts.json --oracle-eval-batch-size 128 --oracle-judge-batch-size 64 --judge-instruction-path strongReject_v5.jinja2 --judge-thinking off --wandb on --wandb-run-name parallel_20260704_021844__deterministic_prompt_0_shard_2 --set WANDB_GROUP=parallel_20260704_021844 --set WANDB_JOB_TYPE=deterministic_prompt_0_shard_2 
[2026-07-04 05:00:21] Attempt log: logs/parallel_20260704_021844/deterministic_prompt_0_shard_2_attempt-1_oracle-eval-128_oracle-judge-64.log
[2026-07-04 05:59:31] Finished GPU 1 attempt successfully: deterministic_prompt_0_shard_2_attempt-1_oracle-eval-128_oracle-judge-64.log
[2026-07-04 05:59:31] Job completed: deterministic_prompt_0_shard_2 gpu=1
[2026-07-04 05:59:36] Launching job=prompt_only_prompt_0_shard_3 gpu=1 type=prompt_only depends_on=none
[2026-07-04 05:59:36] Starting GPU 1 attempt: ./run_oracle_experiment.sh --preset prompt_only_oracle --target-prompt-offset 75 --target-prompt-limit 25 --num-oracle-rollouts 50 --oracle-prompts-path prompts/oracle_prompts/default_oracle_prompts.json --oracle-eval-batch-size 128 --oracle-judge-batch-size 64 --judge-instruction-path strongReject_v5.jinja2 --judge-thinking off --wandb on --wandb-run-name parallel_20260704_021844__prompt_only_prompt_0_shard_3 --set WANDB_GROUP=parallel_20260704_021844 --set WANDB_JOB_TYPE=prompt_only_prompt_0_shard_3 
[2026-07-04 05:59:36] Attempt log: logs/parallel_20260704_021844/prompt_only_prompt_0_shard_3_attempt-1_oracle-eval-128_oracle-judge-64.log
[2026-07-04 06:00:00] Finished GPU 0 attempt successfully: prompt_only_prompt_0_shard_2_attempt-1_oracle-eval-128_oracle-judge-64.log
[2026-07-04 06:00:02] Job completed: prompt_only_prompt_0_shard_2 gpu=0
[2026-07-04 06:00:07] Launching job=deterministic_prompt_0_shard_3 gpu=0 type=deterministic depends_on=target_shard_3
[2026-07-04 06:00:07] Starting GPU 0 attempt: ./run_oracle_experiment.sh --preset rollout_post_prompt_oracle --target-prompt-offset 75 --target-prompt-limit 25 --num-rollouts 50 --oracle-prompts-path prompts/oracle_prompts/default_oracle_prompts.json --oracle-eval-batch-size 128 --oracle-judge-batch-size 64 --judge-instruction-path strongReject_v5.jinja2 --judge-thinking off --wandb on --wandb-run-name parallel_20260704_021844__deterministic_prompt_0_shard_3 --set WANDB_GROUP=parallel_20260704_021844 --set WANDB_JOB_TYPE=deterministic_prompt_0_shard_3 
[2026-07-04 06:00:07] Attempt log: logs/parallel_20260704_021844/deterministic_prompt_0_shard_3_attempt-1_oracle-eval-128_oracle-judge-64.log
[2026-07-04 06:34:09] GPU 0 attempt failed with exit code 1: deterministic_prompt_0_shard_3_attempt-1_oracle-eval-128_oracle-judge-64.log
[2026-07-04 06:34:09] deterministic_prompt_0_shard_3 hit OOM; retrying with next oracle eval/judge batch pair.
[2026-07-04 06:34:09] Starting GPU 0 attempt: ./run_oracle_experiment.sh --preset rollout_post_prompt_oracle --target-prompt-offset 75 --target-prompt-limit 25 --num-rollouts 50 --oracle-prompts-path prompts/oracle_prompts/default_oracle_prompts.json --oracle-eval-batch-size 128 --oracle-judge-batch-size 32 --judge-instruction-path strongReject_v5.jinja2 --judge-thinking off --wandb on --wandb-run-name parallel_20260704_021844__deterministic_prompt_0_shard_3 --set WANDB_GROUP=parallel_20260704_021844 --set WANDB_JOB_TYPE=deterministic_prompt_0_shard_3 
[2026-07-04 06:34:09] Attempt log: logs/parallel_20260704_021844/deterministic_prompt_0_shard_3_attempt-2_oracle-eval-128_oracle-judge-32.log
[2026-07-04 06:34:50] GPU 0 attempt failed with exit code 1: deterministic_prompt_0_shard_3_attempt-2_oracle-eval-128_oracle-judge-32.log
[2026-07-04 06:34:50] deterministic_prompt_0_shard_3 hit OOM; retrying with next oracle eval/judge batch pair.
[2026-07-04 06:34:50] Starting GPU 0 attempt: ./run_oracle_experiment.sh --preset rollout_post_prompt_oracle --target-prompt-offset 75 --target-prompt-limit 25 --num-rollouts 50 --oracle-prompts-path prompts/oracle_prompts/default_oracle_prompts.json --oracle-eval-batch-size 64 --oracle-judge-batch-size 32 --judge-instruction-path strongReject_v5.jinja2 --judge-thinking off --wandb on --wandb-run-name parallel_20260704_021844__deterministic_prompt_0_shard_3 --set WANDB_GROUP=parallel_20260704_021844 --set WANDB_JOB_TYPE=deterministic_prompt_0_shard_3 
[2026-07-04 06:34:50] Attempt log: logs/parallel_20260704_021844/deterministic_prompt_0_shard_3_attempt-3_oracle-eval-64_oracle-judge-32.log
[2026-07-04 06:35:32] GPU 0 attempt failed with exit code 1: deterministic_prompt_0_shard_3_attempt-3_oracle-eval-64_oracle-judge-32.log
[2026-07-04 06:35:32] deterministic_prompt_0_shard_3 hit OOM; retrying with next oracle eval/judge batch pair.
[2026-07-04 06:35:32] Starting GPU 0 attempt: ./run_oracle_experiment.sh --preset rollout_post_prompt_oracle --target-prompt-offset 75 --target-prompt-limit 25 --num-rollouts 50 --oracle-prompts-path prompts/oracle_prompts/default_oracle_prompts.json --oracle-eval-batch-size 64 --oracle-judge-batch-size 16 --judge-instruction-path strongReject_v5.jinja2 --judge-thinking off --wandb on --wandb-run-name parallel_20260704_021844__deterministic_prompt_0_shard_3 --set WANDB_GROUP=parallel_20260704_021844 --set WANDB_JOB_TYPE=deterministic_prompt_0_shard_3 
[2026-07-04 06:35:32] Attempt log: logs/parallel_20260704_021844/deterministic_prompt_0_shard_3_attempt-4_oracle-eval-64_oracle-judge-16.log
[2026-07-04 06:36:12] GPU 0 attempt failed with exit code 1: deterministic_prompt_0_shard_3_attempt-4_oracle-eval-64_oracle-judge-16.log
[2026-07-04 06:36:12] deterministic_prompt_0_shard_3 hit OOM; retrying with next oracle eval/judge batch pair.
[2026-07-04 06:36:12] Starting GPU 0 attempt: ./run_oracle_experiment.sh --preset rollout_post_prompt_oracle --target-prompt-offset 75 --target-prompt-limit 25 --num-rollouts 50 --oracle-prompts-path prompts/oracle_prompts/default_oracle_prompts.json --oracle-eval-batch-size 32 --oracle-judge-batch-size 16 --judge-instruction-path strongReject_v5.jinja2 --judge-thinking off --wandb on --wandb-run-name parallel_20260704_021844__deterministic_prompt_0_shard_3 --set WANDB_GROUP=parallel_20260704_021844 --set WANDB_JOB_TYPE=deterministic_prompt_0_shard_3 
[2026-07-04 06:36:12] Attempt log: logs/parallel_20260704_021844/deterministic_prompt_0_shard_3_attempt-5_oracle-eval-32_oracle-judge-16.log
[2026-07-04 06:36:53] GPU 0 attempt failed with exit code 1: deterministic_prompt_0_shard_3_attempt-5_oracle-eval-32_oracle-judge-16.log
[2026-07-04 06:36:53] deterministic_prompt_0_shard_3 hit OOM; retrying with next oracle eval/judge batch pair.
[2026-07-04 06:36:53] Starting GPU 0 attempt: ./run_oracle_experiment.sh --preset rollout_post_prompt_oracle --target-prompt-offset 75 --target-prompt-limit 25 --num-rollouts 50 --oracle-prompts-path prompts/oracle_prompts/default_oracle_prompts.json --oracle-eval-batch-size 32 --oracle-judge-batch-size 8 --judge-instruction-path strongReject_v5.jinja2 --judge-thinking off --wandb on --wandb-run-name parallel_20260704_021844__deterministic_prompt_0_shard_3 --set WANDB_GROUP=parallel_20260704_021844 --set WANDB_JOB_TYPE=deterministic_prompt_0_shard_3 
[2026-07-04 06:36:53] Attempt log: logs/parallel_20260704_021844/deterministic_prompt_0_shard_3_attempt-6_oracle-eval-32_oracle-judge-8.log
[2026-07-04 06:37:34] GPU 0 attempt failed with exit code 1: deterministic_prompt_0_shard_3_attempt-6_oracle-eval-32_oracle-judge-8.log
[2026-07-04 06:37:34] deterministic_prompt_0_shard_3 hit OOM; retrying with next oracle eval/judge batch pair.
[2026-07-04 06:37:34] deterministic_prompt_0_shard_3 exhausted oracle OOM retry ladder.
[2026-07-04 06:37:35] Job failed: deterministic_prompt_0_shard_3 gpu=0 status=1
[2026-07-04 06:37:40] Launching job=prompt_only_prompt_1_shard_0 gpu=0 type=prompt_only depends_on=none
[2026-07-04 06:37:40] Starting GPU 0 attempt: ./run_oracle_experiment.sh --preset prompt_only_oracle --target-prompt-offset 0 --target-prompt-limit 25 --num-oracle-rollouts 50 --oracle-prompts-path prompts/oracle_prompts/model_answer_min_200_words.json --oracle-eval-batch-size 128 --oracle-judge-batch-size 64 --judge-instruction-path strongReject_v5.jinja2 --judge-thinking off --wandb on --wandb-run-name parallel_20260704_021844__prompt_only_prompt_1_shard_0 --set WANDB_GROUP=parallel_20260704_021844 --set WANDB_JOB_TYPE=prompt_only_prompt_1_shard_0 
[2026-07-04 06:37:40] Attempt log: logs/parallel_20260704_021844/prompt_only_prompt_1_shard_0_attempt-1_oracle-eval-128_oracle-judge-64.log
[2026-07-04 06:38:05] Finished GPU 0 attempt successfully: prompt_only_prompt_1_shard_0_attempt-1_oracle-eval-128_oracle-judge-64.log
[2026-07-04 06:38:05] Job completed: prompt_only_prompt_1_shard_0 gpu=0
[2026-07-04 06:38:10] Launching job=deterministic_prompt_1_shard_0 gpu=0 type=deterministic depends_on=target_shard_0
[2026-07-04 06:38:10] Starting GPU 0 attempt: ./run_oracle_experiment.sh --preset rollout_post_prompt_oracle --target-prompt-offset 0 --target-prompt-limit 25 --num-rollouts 50 --oracle-prompts-path prompts/oracle_prompts/model_answer_min_200_words.json --oracle-eval-batch-size 128 --oracle-judge-batch-size 64 --judge-instruction-path strongReject_v5.jinja2 --judge-thinking off --wandb on --wandb-run-name parallel_20260704_021844__deterministic_prompt_1_shard_0 --set WANDB_GROUP=parallel_20260704_021844 --set WANDB_JOB_TYPE=deterministic_prompt_1_shard_0 
[2026-07-04 06:38:10] Attempt log: logs/parallel_20260704_021844/deterministic_prompt_1_shard_0_attempt-1_oracle-eval-128_oracle-judge-64.log
[2026-07-04 07:40:28] Finished GPU 1 attempt successfully: prompt_only_prompt_0_shard_3_attempt-1_oracle-eval-128_oracle-judge-64.log
[2026-07-04 07:40:31] Job completed: prompt_only_prompt_0_shard_3 gpu=1
[2026-07-04 07:40:36] Launching job=prompt_only_prompt_1_shard_1 gpu=1 type=prompt_only depends_on=none
[2026-07-04 07:40:36] Starting GPU 1 attempt: ./run_oracle_experiment.sh --preset prompt_only_oracle --target-prompt-offset 25 --target-prompt-limit 25 --num-oracle-rollouts 50 --oracle-prompts-path prompts/oracle_prompts/model_answer_min_200_words.json --oracle-eval-batch-size 128 --oracle-judge-batch-size 64 --judge-instruction-path strongReject_v5.jinja2 --judge-thinking off --wandb on --wandb-run-name parallel_20260704_021844__prompt_only_prompt_1_shard_1 --set WANDB_GROUP=parallel_20260704_021844 --set WANDB_JOB_TYPE=prompt_only_prompt_1_shard_1 
[2026-07-04 07:40:36] Attempt log: logs/parallel_20260704_021844/prompt_only_prompt_1_shard_1_attempt-1_oracle-eval-128_oracle-judge-64.log
[2026-07-04 07:41:00] Finished GPU 1 attempt successfully: prompt_only_prompt_1_shard_1_attempt-1_oracle-eval-128_oracle-judge-64.log
[2026-07-04 07:41:01] Job completed: prompt_only_prompt_1_shard_1 gpu=1
[2026-07-04 07:41:06] Launching job=deterministic_prompt_1_shard_1 gpu=1 type=deterministic depends_on=target_shard_1
[2026-07-04 07:41:06] Starting GPU 1 attempt: ./run_oracle_experiment.sh --preset rollout_post_prompt_oracle --target-prompt-offset 25 --target-prompt-limit 25 --num-rollouts 50 --oracle-prompts-path prompts/oracle_prompts/model_answer_min_200_words.json --oracle-eval-batch-size 128 --oracle-judge-batch-size 64 --judge-instruction-path strongReject_v5.jinja2 --judge-thinking off --wandb on --wandb-run-name parallel_20260704_021844__deterministic_prompt_1_shard_1 --set WANDB_GROUP=parallel_20260704_021844 --set WANDB_JOB_TYPE=deterministic_prompt_1_shard_1 
[2026-07-04 07:41:06] Attempt log: logs/parallel_20260704_021844/deterministic_prompt_1_shard_1_attempt-1_oracle-eval-128_oracle-judge-64.log
[2026-07-04 08:04:00] GPU 1 attempt failed with exit code 1: deterministic_prompt_1_shard_1_attempt-1_oracle-eval-128_oracle-judge-64.log
[2026-07-04 08:04:00] deterministic_prompt_1_shard_1 hit OOM; retrying with next oracle eval/judge batch pair.
[2026-07-04 08:04:00] Starting GPU 1 attempt: ./run_oracle_experiment.sh --preset rollout_post_prompt_oracle --target-prompt-offset 25 --target-prompt-limit 25 --num-rollouts 50 --oracle-prompts-path prompts/oracle_prompts/model_answer_min_200_words.json --oracle-eval-batch-size 128 --oracle-judge-batch-size 32 --judge-instruction-path strongReject_v5.jinja2 --judge-thinking off --wandb on --wandb-run-name parallel_20260704_021844__deterministic_prompt_1_shard_1 --set WANDB_GROUP=parallel_20260704_021844 --set WANDB_JOB_TYPE=deterministic_prompt_1_shard_1 
[2026-07-04 08:04:00] Attempt log: logs/parallel_20260704_021844/deterministic_prompt_1_shard_1_attempt-2_oracle-eval-128_oracle-judge-32.log
[2026-07-04 08:04:48] GPU 1 attempt failed with exit code 1: deterministic_prompt_1_shard_1_attempt-2_oracle-eval-128_oracle-judge-32.log
[2026-07-04 08:04:48] deterministic_prompt_1_shard_1 hit OOM; retrying with next oracle eval/judge batch pair.
[2026-07-04 08:04:48] Starting GPU 1 attempt: ./run_oracle_experiment.sh --preset rollout_post_prompt_oracle --target-prompt-offset 25 --target-prompt-limit 25 --num-rollouts 50 --oracle-prompts-path prompts/oracle_prompts/model_answer_min_200_words.json --oracle-eval-batch-size 64 --oracle-judge-batch-size 32 --judge-instruction-path strongReject_v5.jinja2 --judge-thinking off --wandb on --wandb-run-name parallel_20260704_021844__deterministic_prompt_1_shard_1 --set WANDB_GROUP=parallel_20260704_021844 --set WANDB_JOB_TYPE=deterministic_prompt_1_shard_1 
[2026-07-04 08:04:48] Attempt log: logs/parallel_20260704_021844/deterministic_prompt_1_shard_1_attempt-3_oracle-eval-64_oracle-judge-32.log
[2026-07-04 08:05:35] GPU 1 attempt failed with exit code 1: deterministic_prompt_1_shard_1_attempt-3_oracle-eval-64_oracle-judge-32.log
[2026-07-04 08:05:35] deterministic_prompt_1_shard_1 hit OOM; retrying with next oracle eval/judge batch pair.
[2026-07-04 08:05:35] Starting GPU 1 attempt: ./run_oracle_experiment.sh --preset rollout_post_prompt_oracle --target-prompt-offset 25 --target-prompt-limit 25 --num-rollouts 50 --oracle-prompts-path prompts/oracle_prompts/model_answer_min_200_words.json --oracle-eval-batch-size 64 --oracle-judge-batch-size 16 --judge-instruction-path strongReject_v5.jinja2 --judge-thinking off --wandb on --wandb-run-name parallel_20260704_021844__deterministic_prompt_1_shard_1 --set WANDB_GROUP=parallel_20260704_021844 --set WANDB_JOB_TYPE=deterministic_prompt_1_shard_1 
[2026-07-04 08:05:35] Attempt log: logs/parallel_20260704_021844/deterministic_prompt_1_shard_1_attempt-4_oracle-eval-64_oracle-judge-16.log
[2026-07-04 08:06:23] GPU 1 attempt failed with exit code 1: deterministic_prompt_1_shard_1_attempt-4_oracle-eval-64_oracle-judge-16.log
[2026-07-04 08:06:23] deterministic_prompt_1_shard_1 hit OOM; retrying with next oracle eval/judge batch pair.
[2026-07-04 08:06:23] Starting GPU 1 attempt: ./run_oracle_experiment.sh --preset rollout_post_prompt_oracle --target-prompt-offset 25 --target-prompt-limit 25 --num-rollouts 50 --oracle-prompts-path prompts/oracle_prompts/model_answer_min_200_words.json --oracle-eval-batch-size 32 --oracle-judge-batch-size 16 --judge-instruction-path strongReject_v5.jinja2 --judge-thinking off --wandb on --wandb-run-name parallel_20260704_021844__deterministic_prompt_1_shard_1 --set WANDB_GROUP=parallel_20260704_021844 --set WANDB_JOB_TYPE=deterministic_prompt_1_shard_1 
[2026-07-04 08:06:23] Attempt log: logs/parallel_20260704_021844/deterministic_prompt_1_shard_1_attempt-5_oracle-eval-32_oracle-judge-16.log
[2026-07-04 08:07:11] GPU 1 attempt failed with exit code 1: deterministic_prompt_1_shard_1_attempt-5_oracle-eval-32_oracle-judge-16.log
[2026-07-04 08:07:11] deterministic_prompt_1_shard_1 hit OOM; retrying with next oracle eval/judge batch pair.
[2026-07-04 08:07:11] Starting GPU 1 attempt: ./run_oracle_experiment.sh --preset rollout_post_prompt_oracle --target-prompt-offset 25 --target-prompt-limit 25 --num-rollouts 50 --oracle-prompts-path prompts/oracle_prompts/model_answer_min_200_words.json --oracle-eval-batch-size 32 --oracle-judge-batch-size 8 --judge-instruction-path strongReject_v5.jinja2 --judge-thinking off --wandb on --wandb-run-name parallel_20260704_021844__deterministic_prompt_1_shard_1 --set WANDB_GROUP=parallel_20260704_021844 --set WANDB_JOB_TYPE=deterministic_prompt_1_shard_1 
[2026-07-04 08:07:11] Attempt log: logs/parallel_20260704_021844/deterministic_prompt_1_shard_1_attempt-6_oracle-eval-32_oracle-judge-8.log
[2026-07-04 08:07:59] GPU 1 attempt failed with exit code 1: deterministic_prompt_1_shard_1_attempt-6_oracle-eval-32_oracle-judge-8.log
[2026-07-04 08:07:59] deterministic_prompt_1_shard_1 hit OOM; retrying with next oracle eval/judge batch pair.
[2026-07-04 08:07:59] deterministic_prompt_1_shard_1 exhausted oracle OOM retry ladder.
[2026-07-04 08:08:03] Job failed: deterministic_prompt_1_shard_1 gpu=1 status=1
[2026-07-04 08:08:08] Launching job=prompt_only_prompt_1_shard_2 gpu=1 type=prompt_only depends_on=none
[2026-07-04 08:08:08] Starting GPU 1 attempt: ./run_oracle_experiment.sh --preset prompt_only_oracle --target-prompt-offset 50 --target-prompt-limit 25 --num-oracle-rollouts 50 --oracle-prompts-path prompts/oracle_prompts/model_answer_min_200_words.json --oracle-eval-batch-size 128 --oracle-judge-batch-size 64 --judge-instruction-path strongReject_v5.jinja2 --judge-thinking off --wandb on --wandb-run-name parallel_20260704_021844__prompt_only_prompt_1_shard_2 --set WANDB_GROUP=parallel_20260704_021844 --set WANDB_JOB_TYPE=prompt_only_prompt_1_shard_2 
[2026-07-04 08:08:08] Attempt log: logs/parallel_20260704_021844/prompt_only_prompt_1_shard_2_attempt-1_oracle-eval-128_oracle-judge-64.log
[2026-07-04 08:08:32] Finished GPU 1 attempt successfully: prompt_only_prompt_1_shard_2_attempt-1_oracle-eval-128_oracle-judge-64.log
[2026-07-04 08:08:33] Job completed: prompt_only_prompt_1_shard_2 gpu=1
[2026-07-04 08:08:38] Launching job=deterministic_prompt_1_shard_2 gpu=1 type=deterministic depends_on=target_shard_2
[2026-07-04 08:08:38] Starting GPU 1 attempt: ./run_oracle_experiment.sh --preset rollout_post_prompt_oracle --target-prompt-offset 50 --target-prompt-limit 25 --num-rollouts 50 --oracle-prompts-path prompts/oracle_prompts/model_answer_min_200_words.json --oracle-eval-batch-size 128 --oracle-judge-batch-size 64 --judge-instruction-path strongReject_v5.jinja2 --judge-thinking off --wandb on --wandb-run-name parallel_20260704_021844__deterministic_prompt_1_shard_2 --set WANDB_GROUP=parallel_20260704_021844 --set WANDB_JOB_TYPE=deterministic_prompt_1_shard_2 
[2026-07-04 08:08:38] Attempt log: logs/parallel_20260704_021844/deterministic_prompt_1_shard_2_attempt-1_oracle-eval-128_oracle-judge-64.log
[2026-07-04 08:28:11] Finished GPU 0 attempt successfully: deterministic_prompt_1_shard_0_attempt-1_oracle-eval-128_oracle-judge-64.log
[2026-07-04 08:28:15] Job completed: deterministic_prompt_1_shard_0 gpu=0
[2026-07-04 08:28:20] Launching job=prompt_only_prompt_1_shard_3 gpu=0 type=prompt_only depends_on=none
[2026-07-04 08:28:20] Starting GPU 0 attempt: ./run_oracle_experiment.sh --preset prompt_only_oracle --target-prompt-offset 75 --target-prompt-limit 25 --num-oracle-rollouts 50 --oracle-prompts-path prompts/oracle_prompts/model_answer_min_200_words.json --oracle-eval-batch-size 128 --oracle-judge-batch-size 64 --judge-instruction-path strongReject_v5.jinja2 --judge-thinking off --wandb on --wandb-run-name parallel_20260704_021844__prompt_only_prompt_1_shard_3 --set WANDB_GROUP=parallel_20260704_021844 --set WANDB_JOB_TYPE=prompt_only_prompt_1_shard_3 
[2026-07-04 08:28:20] Attempt log: logs/parallel_20260704_021844/prompt_only_prompt_1_shard_3_attempt-1_oracle-eval-128_oracle-judge-64.log
[2026-07-04 08:28:44] Finished GPU 0 attempt successfully: prompt_only_prompt_1_shard_3_attempt-1_oracle-eval-128_oracle-judge-64.log
[2026-07-04 08:28:45] Job completed: prompt_only_prompt_1_shard_3 gpu=0
[2026-07-04 08:28:50] Launching job=deterministic_prompt_1_shard_3 gpu=0 type=deterministic depends_on=target_shard_3
[2026-07-04 08:28:50] Starting GPU 0 attempt: ./run_oracle_experiment.sh --preset rollout_post_prompt_oracle --target-prompt-offset 75 --target-prompt-limit 25 --num-rollouts 50 --oracle-prompts-path prompts/oracle_prompts/model_answer_min_200_words.json --oracle-eval-batch-size 128 --oracle-judge-batch-size 64 --judge-instruction-path strongReject_v5.jinja2 --judge-thinking off --wandb on --wandb-run-name parallel_20260704_021844__deterministic_prompt_1_shard_3 --set WANDB_GROUP=parallel_20260704_021844 --set WANDB_JOB_TYPE=deterministic_prompt_1_shard_3 
[2026-07-04 08:28:50] Attempt log: logs/parallel_20260704_021844/deterministic_prompt_1_shard_3_attempt-1_oracle-eval-128_oracle-judge-64.log
[2026-07-04 09:31:19] GPU 0 attempt failed with exit code 1: deterministic_prompt_1_shard_3_attempt-1_oracle-eval-128_oracle-judge-64.log
[2026-07-04 09:31:19] deterministic_prompt_1_shard_3 hit OOM; retrying with next oracle eval/judge batch pair.
[2026-07-04 09:31:19] Starting GPU 0 attempt: ./run_oracle_experiment.sh --preset rollout_post_prompt_oracle --target-prompt-offset 75 --target-prompt-limit 25 --num-rollouts 50 --oracle-prompts-path prompts/oracle_prompts/model_answer_min_200_words.json --oracle-eval-batch-size 128 --oracle-judge-batch-size 32 --judge-instruction-path strongReject_v5.jinja2 --judge-thinking off --wandb on --wandb-run-name parallel_20260704_021844__deterministic_prompt_1_shard_3 --set WANDB_GROUP=parallel_20260704_021844 --set WANDB_JOB_TYPE=deterministic_prompt_1_shard_3 
[2026-07-04 09:31:19] Attempt log: logs/parallel_20260704_021844/deterministic_prompt_1_shard_3_attempt-2_oracle-eval-128_oracle-judge-32.log
[2026-07-04 09:32:01] GPU 0 attempt failed with exit code 1: deterministic_prompt_1_shard_3_attempt-2_oracle-eval-128_oracle-judge-32.log
[2026-07-04 09:32:01] deterministic_prompt_1_shard_3 hit OOM; retrying with next oracle eval/judge batch pair.
[2026-07-04 09:32:01] Starting GPU 0 attempt: ./run_oracle_experiment.sh --preset rollout_post_prompt_oracle --target-prompt-offset 75 --target-prompt-limit 25 --num-rollouts 50 --oracle-prompts-path prompts/oracle_prompts/model_answer_min_200_words.json --oracle-eval-batch-size 64 --oracle-judge-batch-size 32 --judge-instruction-path strongReject_v5.jinja2 --judge-thinking off --wandb on --wandb-run-name parallel_20260704_021844__deterministic_prompt_1_shard_3 --set WANDB_GROUP=parallel_20260704_021844 --set WANDB_JOB_TYPE=deterministic_prompt_1_shard_3 
[2026-07-04 09:32:01] Attempt log: logs/parallel_20260704_021844/deterministic_prompt_1_shard_3_attempt-3_oracle-eval-64_oracle-judge-32.log
[2026-07-04 09:32:41] GPU 0 attempt failed with exit code 1: deterministic_prompt_1_shard_3_attempt-3_oracle-eval-64_oracle-judge-32.log
[2026-07-04 09:32:41] deterministic_prompt_1_shard_3 hit OOM; retrying with next oracle eval/judge batch pair.
[2026-07-04 09:32:41] Starting GPU 0 attempt: ./run_oracle_experiment.sh --preset rollout_post_prompt_oracle --target-prompt-offset 75 --target-prompt-limit 25 --num-rollouts 50 --oracle-prompts-path prompts/oracle_prompts/model_answer_min_200_words.json --oracle-eval-batch-size 64 --oracle-judge-batch-size 16 --judge-instruction-path strongReject_v5.jinja2 --judge-thinking off --wandb on --wandb-run-name parallel_20260704_021844__deterministic_prompt_1_shard_3 --set WANDB_GROUP=parallel_20260704_021844 --set WANDB_JOB_TYPE=deterministic_prompt_1_shard_3 
[2026-07-04 09:32:41] Attempt log: logs/parallel_20260704_021844/deterministic_prompt_1_shard_3_attempt-4_oracle-eval-64_oracle-judge-16.log
[2026-07-04 09:33:22] GPU 0 attempt failed with exit code 1: deterministic_prompt_1_shard_3_attempt-4_oracle-eval-64_oracle-judge-16.log
[2026-07-04 09:33:22] deterministic_prompt_1_shard_3 hit OOM; retrying with next oracle eval/judge batch pair.
[2026-07-04 09:33:22] Starting GPU 0 attempt: ./run_oracle_experiment.sh --preset rollout_post_prompt_oracle --target-prompt-offset 75 --target-prompt-limit 25 --num-rollouts 50 --oracle-prompts-path prompts/oracle_prompts/model_answer_min_200_words.json --oracle-eval-batch-size 32 --oracle-judge-batch-size 16 --judge-instruction-path strongReject_v5.jinja2 --judge-thinking off --wandb on --wandb-run-name parallel_20260704_021844__deterministic_prompt_1_shard_3 --set WANDB_GROUP=parallel_20260704_021844 --set WANDB_JOB_TYPE=deterministic_prompt_1_shard_3 
[2026-07-04 09:33:22] Attempt log: logs/parallel_20260704_021844/deterministic_prompt_1_shard_3_attempt-5_oracle-eval-32_oracle-judge-16.log
[2026-07-04 09:34:04] GPU 0 attempt failed with exit code 1: deterministic_prompt_1_shard_3_attempt-5_oracle-eval-32_oracle-judge-16.log
[2026-07-04 09:34:04] deterministic_prompt_1_shard_3 hit OOM; retrying with next oracle eval/judge batch pair.
[2026-07-04 09:34:04] Starting GPU 0 attempt: ./run_oracle_experiment.sh --preset rollout_post_prompt_oracle --target-prompt-offset 75 --target-prompt-limit 25 --num-rollouts 50 --oracle-prompts-path prompts/oracle_prompts/model_answer_min_200_words.json --oracle-eval-batch-size 32 --oracle-judge-batch-size 8 --judge-instruction-path strongReject_v5.jinja2 --judge-thinking off --wandb on --wandb-run-name parallel_20260704_021844__deterministic_prompt_1_shard_3 --set WANDB_GROUP=parallel_20260704_021844 --set WANDB_JOB_TYPE=deterministic_prompt_1_shard_3 
[2026-07-04 09:34:04] Attempt log: logs/parallel_20260704_021844/deterministic_prompt_1_shard_3_attempt-6_oracle-eval-32_oracle-judge-8.log
[2026-07-04 09:34:44] GPU 0 attempt failed with exit code 1: deterministic_prompt_1_shard_3_attempt-6_oracle-eval-32_oracle-judge-8.log
[2026-07-04 09:34:44] deterministic_prompt_1_shard_3 hit OOM; retrying with next oracle eval/judge batch pair.
[2026-07-04 09:34:44] deterministic_prompt_1_shard_3 exhausted oracle OOM retry ladder.
[2026-07-04 09:34:46] Job failed: deterministic_prompt_1_shard_3 gpu=0 status=1
[2026-07-04 09:56:53] Finished GPU 1 attempt successfully: deterministic_prompt_1_shard_2_attempt-1_oracle-eval-128_oracle-judge-64.log
[2026-07-04 09:56:53] Job completed: deterministic_prompt_1_shard_2 gpu=1
[2026-07-04 09:56:53] Summary done: target_shard_0 control_shard_0 target_shard_1 control_shard_1 target_shard_2 control_shard_2 target_shard_3 control_shard_3 prompt_only_prompt_0_shard_0 deterministic_prompt_0_shard_0 prompt_only_prompt_0_shard_1 prompt_only_prompt_0_shard_2 deterministic_prompt_0_shard_2 prompt_only_prompt_0_shard_3 prompt_only_prompt_1_shard_0 deterministic_prompt_1_shard_0 prompt_only_prompt_1_shard_1 prompt_only_prompt_1_shard_2 deterministic_prompt_1_shard_2 prompt_only_prompt_1_shard_3
[2026-07-04 09:56:53] Summary failed: deterministic_prompt_0_shard_1 deterministic_prompt_0_shard_3 deterministic_prompt_1_shard_1 deterministic_prompt_1_shard_3
[2026-07-04 09:56:53] Summary blocked: <none>
[2026-07-04 09:56:53] Summary pending: <none>
[2026-07-04 09:56:53] Summary running: <none>
[2026-07-04 09:56:53] ERROR: 4 job(s) failed or were blocked. Check logs under logs/parallel_20260704_021844.
