[2026-07-04 18:54:37] Parallel run starting. run_label=parallel_20260704_185437 logs=logs/parallel_20260704_185437
[2026-07-04 18:54:37] GPU pool: 0 1
[2026-07-04 18:54:37] Shard count (all stages): 4 over 100 target prompts
[2026-07-04 18:54:37] Full deterministic oracle preset: rollout_post_prompt_oracle
[2026-07-04 18:54:37] Oracle prompt paths: prompts/oracle_prompts/default_oracle_prompts.json,prompts/oracle_prompts/model_answer_min_200_words.json
[2026-07-04 18:54:37] Job table:
[2026-07-04 18:54:37]   job=target_shard_0 type=target preset=target_judging_only offset=0 limit=25 oracle_prompts_path=none depends_on=none ladder=target_judge
[2026-07-04 18:54:37]   job=control_shard_0 type=target_control preset=oracle_target_control offset=0 limit=25 oracle_prompts_path=none depends_on=none ladder=target_judge
[2026-07-04 18:54:37]   job=target_shard_1 type=target preset=target_judging_only offset=25 limit=25 oracle_prompts_path=none depends_on=none ladder=target_judge
[2026-07-04 18:54:37]   job=control_shard_1 type=target_control preset=oracle_target_control offset=25 limit=25 oracle_prompts_path=none depends_on=none ladder=target_judge
[2026-07-04 18:54:37]   job=target_shard_2 type=target preset=target_judging_only offset=50 limit=25 oracle_prompts_path=none depends_on=none ladder=target_judge
[2026-07-04 18:54:37]   job=control_shard_2 type=target_control preset=oracle_target_control offset=50 limit=25 oracle_prompts_path=none depends_on=none ladder=target_judge
[2026-07-04 18:54:37]   job=target_shard_3 type=target preset=target_judging_only offset=75 limit=25 oracle_prompts_path=none depends_on=none ladder=target_judge
[2026-07-04 18:54:37]   job=control_shard_3 type=target_control preset=oracle_target_control offset=75 limit=25 oracle_prompts_path=none depends_on=none ladder=target_judge
[2026-07-04 18:54:37]   job=prompt_only_prompt_0_shard_0 type=prompt_only preset=prompt_only_oracle offset=0 limit=25 oracle_prompts_path=prompts/oracle_prompts/default_oracle_prompts.json depends_on=none ladder=oracle_eval_judge
[2026-07-04 18:54:37]   job=deterministic_prompt_0_shard_0 type=deterministic preset=rollout_post_prompt_oracle offset=0 limit=25 oracle_prompts_path=prompts/oracle_prompts/default_oracle_prompts.json depends_on=target_shard_0 ladder=oracle_eval_judge
[2026-07-04 18:54:37]   job=prompt_only_prompt_0_shard_1 type=prompt_only preset=prompt_only_oracle offset=25 limit=25 oracle_prompts_path=prompts/oracle_prompts/default_oracle_prompts.json depends_on=none ladder=oracle_eval_judge
[2026-07-04 18:54:37]   job=deterministic_prompt_0_shard_1 type=deterministic preset=rollout_post_prompt_oracle offset=25 limit=25 oracle_prompts_path=prompts/oracle_prompts/default_oracle_prompts.json depends_on=target_shard_1 ladder=oracle_eval_judge
[2026-07-04 18:54:37]   job=prompt_only_prompt_0_shard_2 type=prompt_only preset=prompt_only_oracle offset=50 limit=25 oracle_prompts_path=prompts/oracle_prompts/default_oracle_prompts.json depends_on=none ladder=oracle_eval_judge
[2026-07-04 18:54:37]   job=deterministic_prompt_0_shard_2 type=deterministic preset=rollout_post_prompt_oracle offset=50 limit=25 oracle_prompts_path=prompts/oracle_prompts/default_oracle_prompts.json depends_on=target_shard_2 ladder=oracle_eval_judge
[2026-07-04 18:54:37]   job=prompt_only_prompt_0_shard_3 type=prompt_only preset=prompt_only_oracle offset=75 limit=25 oracle_prompts_path=prompts/oracle_prompts/default_oracle_prompts.json depends_on=none ladder=oracle_eval_judge
[2026-07-04 18:54:37]   job=deterministic_prompt_0_shard_3 type=deterministic preset=rollout_post_prompt_oracle offset=75 limit=25 oracle_prompts_path=prompts/oracle_prompts/default_oracle_prompts.json depends_on=target_shard_3 ladder=oracle_eval_judge
[2026-07-04 18:54:37]   job=prompt_only_prompt_1_shard_0 type=prompt_only preset=prompt_only_oracle offset=0 limit=25 oracle_prompts_path=prompts/oracle_prompts/model_answer_min_200_words.json depends_on=none ladder=oracle_eval_judge
[2026-07-04 18:54:37]   job=deterministic_prompt_1_shard_0 type=deterministic preset=rollout_post_prompt_oracle offset=0 limit=25 oracle_prompts_path=prompts/oracle_prompts/model_answer_min_200_words.json depends_on=target_shard_0 ladder=oracle_eval_judge
[2026-07-04 18:54:37]   job=prompt_only_prompt_1_shard_1 type=prompt_only preset=prompt_only_oracle offset=25 limit=25 oracle_prompts_path=prompts/oracle_prompts/model_answer_min_200_words.json depends_on=none ladder=oracle_eval_judge
[2026-07-04 18:54:37]   job=deterministic_prompt_1_shard_1 type=deterministic preset=rollout_post_prompt_oracle offset=25 limit=25 oracle_prompts_path=prompts/oracle_prompts/model_answer_min_200_words.json depends_on=target_shard_1 ladder=oracle_eval_judge
[2026-07-04 18:54:37]   job=prompt_only_prompt_1_shard_2 type=prompt_only preset=prompt_only_oracle offset=50 limit=25 oracle_prompts_path=prompts/oracle_prompts/model_answer_min_200_words.json depends_on=none ladder=oracle_eval_judge
[2026-07-04 18:54:37]   job=deterministic_prompt_1_shard_2 type=deterministic preset=rollout_post_prompt_oracle offset=50 limit=25 oracle_prompts_path=prompts/oracle_prompts/model_answer_min_200_words.json depends_on=target_shard_2 ladder=oracle_eval_judge
[2026-07-04 18:54:37]   job=prompt_only_prompt_1_shard_3 type=prompt_only preset=prompt_only_oracle offset=75 limit=25 oracle_prompts_path=prompts/oracle_prompts/model_answer_min_200_words.json depends_on=none ladder=oracle_eval_judge
[2026-07-04 18:54:37]   job=deterministic_prompt_1_shard_3 type=deterministic preset=rollout_post_prompt_oracle offset=75 limit=25 oracle_prompts_path=prompts/oracle_prompts/model_answer_min_200_words.json depends_on=target_shard_3 ladder=oracle_eval_judge
[2026-07-04 18:54:37] Launching job=target_shard_0 gpu=0 type=target depends_on=none
[2026-07-04 18:54:37] Starting GPU 0 attempt: ./run_oracle_experiment.sh --preset target_judging_only --target-prompt-offset 0 --target-prompt-limit 25 --num-rollouts 50 --target-judge-batch-size 64 --judge-instruction-path strongReject_v5.jinja2 --judge-thinking off --wandb on --wandb-run-name parallel_20260704_185437__target_shard_0 --set WANDB_GROUP=parallel_20260704_185437 --set WANDB_JOB_TYPE=target_shard_0 
[2026-07-04 18:54:37] Launching job=control_shard_0 gpu=1 type=target_control depends_on=none
[2026-07-04 18:54:37] Attempt log: logs/parallel_20260704_185437/target_shard_0_attempt-1_target-judge-batch-64.log
[2026-07-04 18:54:37] Starting GPU 1 attempt: ./run_oracle_experiment.sh --preset oracle_target_control --target-prompt-offset 0 --target-prompt-limit 25 --num-rollouts 50 --target-judge-batch-size 64 --target-thinking off --judge-instruction-path strongReject_v5.jinja2 --judge-thinking off --wandb on --wandb-run-name parallel_20260704_185437__control_shard_0 --set WANDB_GROUP=parallel_20260704_185437 --set WANDB_JOB_TYPE=control_shard_0 
[2026-07-04 18:54:37] Attempt log: logs/parallel_20260704_185437/control_shard_0_attempt-1_target-judge-batch-64.log
[2026-07-04 18:55:34] Finished GPU 0 attempt successfully: target_shard_0_attempt-1_target-judge-batch-64.log
[2026-07-04 18:55:34] Finished GPU 1 attempt successfully: control_shard_0_attempt-1_target-judge-batch-64.log
[2026-07-04 18:55:37] Job completed: target_shard_0 gpu=0
[2026-07-04 18:55:37] Job completed: control_shard_0 gpu=1
[2026-07-04 18:55:37] Launching job=target_shard_1 gpu=0 type=target depends_on=none
[2026-07-04 18:55:37] Starting GPU 0 attempt: ./run_oracle_experiment.sh --preset target_judging_only --target-prompt-offset 25 --target-prompt-limit 25 --num-rollouts 50 --target-judge-batch-size 64 --judge-instruction-path strongReject_v5.jinja2 --judge-thinking off --wandb on --wandb-run-name parallel_20260704_185437__target_shard_1 --set WANDB_GROUP=parallel_20260704_185437 --set WANDB_JOB_TYPE=target_shard_1 
[2026-07-04 18:55:37] Launching job=control_shard_1 gpu=1 type=target_control depends_on=none
[2026-07-04 18:55:37] Attempt log: logs/parallel_20260704_185437/target_shard_1_attempt-1_target-judge-batch-64.log
[2026-07-04 18:55:37] Starting GPU 1 attempt: ./run_oracle_experiment.sh --preset oracle_target_control --target-prompt-offset 25 --target-prompt-limit 25 --num-rollouts 50 --target-judge-batch-size 64 --target-thinking off --judge-instruction-path strongReject_v5.jinja2 --judge-thinking off --wandb on --wandb-run-name parallel_20260704_185437__control_shard_1 --set WANDB_GROUP=parallel_20260704_185437 --set WANDB_JOB_TYPE=control_shard_1 
[2026-07-04 18:55:37] Attempt log: logs/parallel_20260704_185437/control_shard_1_attempt-1_target-judge-batch-64.log
[2026-07-04 18:56:12] Finished GPU 1 attempt successfully: control_shard_1_attempt-1_target-judge-batch-64.log
[2026-07-04 18:56:12] Job completed: control_shard_1 gpu=1
[2026-07-04 18:56:12] Finished GPU 0 attempt successfully: target_shard_1_attempt-1_target-judge-batch-64.log
[2026-07-04 18:56:17] Launching job=target_shard_2 gpu=1 type=target depends_on=none
[2026-07-04 18:56:17] Starting GPU 1 attempt: ./run_oracle_experiment.sh --preset target_judging_only --target-prompt-offset 50 --target-prompt-limit 25 --num-rollouts 50 --target-judge-batch-size 64 --judge-instruction-path strongReject_v5.jinja2 --judge-thinking off --wandb on --wandb-run-name parallel_20260704_185437__target_shard_2 --set WANDB_GROUP=parallel_20260704_185437 --set WANDB_JOB_TYPE=target_shard_2 
[2026-07-04 18:56:17] Attempt log: logs/parallel_20260704_185437/target_shard_2_attempt-1_target-judge-batch-64.log
[2026-07-04 18:56:17] Job completed: target_shard_1 gpu=0
[2026-07-04 18:56:22] Launching job=control_shard_2 gpu=0 type=target_control depends_on=none
[2026-07-04 18:56:22] Starting GPU 0 attempt: ./run_oracle_experiment.sh --preset oracle_target_control --target-prompt-offset 50 --target-prompt-limit 25 --num-rollouts 50 --target-judge-batch-size 64 --target-thinking off --judge-instruction-path strongReject_v5.jinja2 --judge-thinking off --wandb on --wandb-run-name parallel_20260704_185437__control_shard_2 --set WANDB_GROUP=parallel_20260704_185437 --set WANDB_JOB_TYPE=control_shard_2 
[2026-07-04 18:56:22] Attempt log: logs/parallel_20260704_185437/control_shard_2_attempt-1_target-judge-batch-64.log
[2026-07-04 18:56:40] Finished GPU 1 attempt successfully: target_shard_2_attempt-1_target-judge-batch-64.log
[2026-07-04 18:56:42] Job completed: target_shard_2 gpu=1
[2026-07-04 18:56:46] Finished GPU 0 attempt successfully: control_shard_2_attempt-1_target-judge-batch-64.log
[2026-07-04 18:56:47] Launching job=target_shard_3 gpu=1 type=target depends_on=none
[2026-07-04 18:56:47] Starting GPU 1 attempt: ./run_oracle_experiment.sh --preset target_judging_only --target-prompt-offset 75 --target-prompt-limit 25 --num-rollouts 50 --target-judge-batch-size 64 --judge-instruction-path strongReject_v5.jinja2 --judge-thinking off --wandb on --wandb-run-name parallel_20260704_185437__target_shard_3 --set WANDB_GROUP=parallel_20260704_185437 --set WANDB_JOB_TYPE=target_shard_3 
[2026-07-04 18:56:47] Job completed: control_shard_2 gpu=0
[2026-07-04 18:56:47] Attempt log: logs/parallel_20260704_185437/target_shard_3_attempt-1_target-judge-batch-64.log
[2026-07-04 18:56:52] Launching job=control_shard_3 gpu=0 type=target_control depends_on=none
[2026-07-04 18:56:52] Starting GPU 0 attempt: ./run_oracle_experiment.sh --preset oracle_target_control --target-prompt-offset 75 --target-prompt-limit 25 --num-rollouts 50 --target-judge-batch-size 64 --target-thinking off --judge-instruction-path strongReject_v5.jinja2 --judge-thinking off --wandb on --wandb-run-name parallel_20260704_185437__control_shard_3 --set WANDB_GROUP=parallel_20260704_185437 --set WANDB_JOB_TYPE=control_shard_3 
[2026-07-04 18:56:52] Attempt log: logs/parallel_20260704_185437/control_shard_3_attempt-1_target-judge-batch-64.log
[2026-07-04 18:57:10] Finished GPU 1 attempt successfully: target_shard_3_attempt-1_target-judge-batch-64.log
[2026-07-04 18:57:12] Job completed: target_shard_3 gpu=1
[2026-07-04 18:57:17] Finished GPU 0 attempt successfully: control_shard_3_attempt-1_target-judge-batch-64.log
[2026-07-04 18:57:17] Launching job=prompt_only_prompt_0_shard_0 gpu=1 type=prompt_only depends_on=none
[2026-07-04 18:57:17] Starting GPU 1 attempt: ./run_oracle_experiment.sh --preset prompt_only_oracle --target-prompt-offset 0 --target-prompt-limit 25 --num-oracle-rollouts 50 --oracle-prompts-path prompts/oracle_prompts/default_oracle_prompts.json --oracle-eval-batch-size 128 --oracle-judge-batch-size 64 --judge-instruction-path strongReject_v5.jinja2 --judge-thinking off --wandb on --wandb-run-name parallel_20260704_185437__prompt_only_prompt_0_shard_0 --set WANDB_GROUP=parallel_20260704_185437 --set WANDB_JOB_TYPE=prompt_only_prompt_0_shard_0 
[2026-07-04 18:57:17] Attempt log: logs/parallel_20260704_185437/prompt_only_prompt_0_shard_0_attempt-1_oracle-eval-128_oracle-judge-64.log
[2026-07-04 18:57:17] Job completed: control_shard_3 gpu=0
[2026-07-04 18:57:22] Launching job=deterministic_prompt_0_shard_0 gpu=0 type=deterministic depends_on=target_shard_0
[2026-07-04 18:57:22] Starting GPU 0 attempt: ./run_oracle_experiment.sh --preset rollout_post_prompt_oracle --target-prompt-offset 0 --target-prompt-limit 25 --num-rollouts 50 --oracle-prompts-path prompts/oracle_prompts/default_oracle_prompts.json --oracle-eval-batch-size 128 --oracle-judge-batch-size 64 --judge-instruction-path strongReject_v5.jinja2 --judge-thinking off --wandb on --wandb-run-name parallel_20260704_185437__deterministic_prompt_0_shard_0 --set WANDB_GROUP=parallel_20260704_185437 --set WANDB_JOB_TYPE=deterministic_prompt_0_shard_0 
[2026-07-04 18:57:22] Attempt log: logs/parallel_20260704_185437/deterministic_prompt_0_shard_0_attempt-1_oracle-eval-128_oracle-judge-64.log
[2026-07-04 18:57:40] Finished GPU 1 attempt successfully: prompt_only_prompt_0_shard_0_attempt-1_oracle-eval-128_oracle-judge-64.log
[2026-07-04 18:57:42] Job completed: prompt_only_prompt_0_shard_0 gpu=1
[2026-07-04 18:57:47] Launching job=prompt_only_prompt_0_shard_1 gpu=1 type=prompt_only depends_on=none
[2026-07-04 18:57:47] Starting GPU 1 attempt: ./run_oracle_experiment.sh --preset prompt_only_oracle --target-prompt-offset 25 --target-prompt-limit 25 --num-oracle-rollouts 50 --oracle-prompts-path prompts/oracle_prompts/default_oracle_prompts.json --oracle-eval-batch-size 128 --oracle-judge-batch-size 64 --judge-instruction-path strongReject_v5.jinja2 --judge-thinking off --wandb on --wandb-run-name parallel_20260704_185437__prompt_only_prompt_0_shard_1 --set WANDB_GROUP=parallel_20260704_185437 --set WANDB_JOB_TYPE=prompt_only_prompt_0_shard_1 
[2026-07-04 18:57:47] Attempt log: logs/parallel_20260704_185437/prompt_only_prompt_0_shard_1_attempt-1_oracle-eval-128_oracle-judge-64.log
[2026-07-04 18:57:52] Finished GPU 0 attempt successfully: deterministic_prompt_0_shard_0_attempt-1_oracle-eval-128_oracle-judge-64.log
[2026-07-04 18:57:52] Job completed: deterministic_prompt_0_shard_0 gpu=0
[2026-07-04 18:57:57] Launching job=deterministic_prompt_0_shard_1 gpu=0 type=deterministic depends_on=target_shard_1
[2026-07-04 18:57:57] Starting GPU 0 attempt: ./run_oracle_experiment.sh --preset rollout_post_prompt_oracle --target-prompt-offset 25 --target-prompt-limit 25 --num-rollouts 50 --oracle-prompts-path prompts/oracle_prompts/default_oracle_prompts.json --oracle-eval-batch-size 128 --oracle-judge-batch-size 64 --judge-instruction-path strongReject_v5.jinja2 --judge-thinking off --wandb on --wandb-run-name parallel_20260704_185437__deterministic_prompt_0_shard_1 --set WANDB_GROUP=parallel_20260704_185437 --set WANDB_JOB_TYPE=deterministic_prompt_0_shard_1 
[2026-07-04 18:57:57] Attempt log: logs/parallel_20260704_185437/deterministic_prompt_0_shard_1_attempt-1_oracle-eval-128_oracle-judge-64.log
[2026-07-04 18:58:15] Finished GPU 1 attempt successfully: prompt_only_prompt_0_shard_1_attempt-1_oracle-eval-128_oracle-judge-64.log
[2026-07-04 18:58:17] Job completed: prompt_only_prompt_0_shard_1 gpu=1
[2026-07-04 18:58:22] Launching job=prompt_only_prompt_0_shard_2 gpu=1 type=prompt_only depends_on=none
[2026-07-04 18:58:22] Starting GPU 1 attempt: ./run_oracle_experiment.sh --preset prompt_only_oracle --target-prompt-offset 50 --target-prompt-limit 25 --num-oracle-rollouts 50 --oracle-prompts-path prompts/oracle_prompts/default_oracle_prompts.json --oracle-eval-batch-size 128 --oracle-judge-batch-size 64 --judge-instruction-path strongReject_v5.jinja2 --judge-thinking off --wandb on --wandb-run-name parallel_20260704_185437__prompt_only_prompt_0_shard_2 --set WANDB_GROUP=parallel_20260704_185437 --set WANDB_JOB_TYPE=prompt_only_prompt_0_shard_2 
[2026-07-04 18:58:22] Attempt log: logs/parallel_20260704_185437/prompt_only_prompt_0_shard_2_attempt-1_oracle-eval-128_oracle-judge-64.log
[2026-07-04 18:58:26] Finished GPU 0 attempt successfully: deterministic_prompt_0_shard_1_attempt-1_oracle-eval-128_oracle-judge-64.log
[2026-07-04 18:58:27] Job completed: deterministic_prompt_0_shard_1 gpu=0
[2026-07-04 18:58:32] Launching job=deterministic_prompt_0_shard_2 gpu=0 type=deterministic depends_on=target_shard_2
[2026-07-04 18:58:32] Starting GPU 0 attempt: ./run_oracle_experiment.sh --preset rollout_post_prompt_oracle --target-prompt-offset 50 --target-prompt-limit 25 --num-rollouts 50 --oracle-prompts-path prompts/oracle_prompts/default_oracle_prompts.json --oracle-eval-batch-size 128 --oracle-judge-batch-size 64 --judge-instruction-path strongReject_v5.jinja2 --judge-thinking off --wandb on --wandb-run-name parallel_20260704_185437__deterministic_prompt_0_shard_2 --set WANDB_GROUP=parallel_20260704_185437 --set WANDB_JOB_TYPE=deterministic_prompt_0_shard_2 
[2026-07-04 18:58:32] Attempt log: logs/parallel_20260704_185437/deterministic_prompt_0_shard_2_attempt-1_oracle-eval-128_oracle-judge-64.log
[2026-07-04 18:58:46] Finished GPU 1 attempt successfully: prompt_only_prompt_0_shard_2_attempt-1_oracle-eval-128_oracle-judge-64.log
[2026-07-04 18:58:47] Job completed: prompt_only_prompt_0_shard_2 gpu=1
[2026-07-04 18:58:52] Launching job=prompt_only_prompt_0_shard_3 gpu=1 type=prompt_only depends_on=none
[2026-07-04 18:58:52] Starting GPU 1 attempt: ./run_oracle_experiment.sh --preset prompt_only_oracle --target-prompt-offset 75 --target-prompt-limit 25 --num-oracle-rollouts 50 --oracle-prompts-path prompts/oracle_prompts/default_oracle_prompts.json --oracle-eval-batch-size 128 --oracle-judge-batch-size 64 --judge-instruction-path strongReject_v5.jinja2 --judge-thinking off --wandb on --wandb-run-name parallel_20260704_185437__prompt_only_prompt_0_shard_3 --set WANDB_GROUP=parallel_20260704_185437 --set WANDB_JOB_TYPE=prompt_only_prompt_0_shard_3 
[2026-07-04 18:58:52] Attempt log: logs/parallel_20260704_185437/prompt_only_prompt_0_shard_3_attempt-1_oracle-eval-128_oracle-judge-64.log
[2026-07-04 18:59:02] Finished GPU 0 attempt successfully: deterministic_prompt_0_shard_2_attempt-1_oracle-eval-128_oracle-judge-64.log
[2026-07-04 18:59:02] Job completed: deterministic_prompt_0_shard_2 gpu=0
[2026-07-04 18:59:08] Launching job=deterministic_prompt_0_shard_3 gpu=0 type=deterministic depends_on=target_shard_3
[2026-07-04 18:59:08] Starting GPU 0 attempt: ./run_oracle_experiment.sh --preset rollout_post_prompt_oracle --target-prompt-offset 75 --target-prompt-limit 25 --num-rollouts 50 --oracle-prompts-path prompts/oracle_prompts/default_oracle_prompts.json --oracle-eval-batch-size 128 --oracle-judge-batch-size 64 --judge-instruction-path strongReject_v5.jinja2 --judge-thinking off --wandb on --wandb-run-name parallel_20260704_185437__deterministic_prompt_0_shard_3 --set WANDB_GROUP=parallel_20260704_185437 --set WANDB_JOB_TYPE=deterministic_prompt_0_shard_3 
[2026-07-04 18:59:08] Attempt log: logs/parallel_20260704_185437/deterministic_prompt_0_shard_3_attempt-1_oracle-eval-128_oracle-judge-64.log
[2026-07-04 18:59:16] Finished GPU 1 attempt successfully: prompt_only_prompt_0_shard_3_attempt-1_oracle-eval-128_oracle-judge-64.log
[2026-07-04 18:59:18] Job completed: prompt_only_prompt_0_shard_3 gpu=1
[2026-07-04 18:59:23] Launching job=prompt_only_prompt_1_shard_0 gpu=1 type=prompt_only depends_on=none
[2026-07-04 18:59:23] Starting GPU 1 attempt: ./run_oracle_experiment.sh --preset prompt_only_oracle --target-prompt-offset 0 --target-prompt-limit 25 --num-oracle-rollouts 50 --oracle-prompts-path prompts/oracle_prompts/model_answer_min_200_words.json --oracle-eval-batch-size 128 --oracle-judge-batch-size 64 --judge-instruction-path strongReject_v5.jinja2 --judge-thinking off --wandb on --wandb-run-name parallel_20260704_185437__prompt_only_prompt_1_shard_0 --set WANDB_GROUP=parallel_20260704_185437 --set WANDB_JOB_TYPE=prompt_only_prompt_1_shard_0 
[2026-07-04 18:59:23] Attempt log: logs/parallel_20260704_185437/prompt_only_prompt_1_shard_0_attempt-1_oracle-eval-128_oracle-judge-64.log
[2026-07-04 18:59:39] Finished GPU 0 attempt successfully: deterministic_prompt_0_shard_3_attempt-1_oracle-eval-128_oracle-judge-64.log
[2026-07-04 18:59:43] Job completed: deterministic_prompt_0_shard_3 gpu=0
[2026-07-04 18:59:48] Launching job=deterministic_prompt_1_shard_0 gpu=0 type=deterministic depends_on=target_shard_0
[2026-07-04 18:59:48] Starting GPU 0 attempt: ./run_oracle_experiment.sh --preset rollout_post_prompt_oracle --target-prompt-offset 0 --target-prompt-limit 25 --num-rollouts 50 --oracle-prompts-path prompts/oracle_prompts/model_answer_min_200_words.json --oracle-eval-batch-size 128 --oracle-judge-batch-size 64 --judge-instruction-path strongReject_v5.jinja2 --judge-thinking off --wandb on --wandb-run-name parallel_20260704_185437__deterministic_prompt_1_shard_0 --set WANDB_GROUP=parallel_20260704_185437 --set WANDB_JOB_TYPE=deterministic_prompt_1_shard_0 
[2026-07-04 18:59:48] Attempt log: logs/parallel_20260704_185437/deterministic_prompt_1_shard_0_attempt-1_oracle-eval-128_oracle-judge-64.log
[2026-07-04 18:59:48] Finished GPU 1 attempt successfully: prompt_only_prompt_1_shard_0_attempt-1_oracle-eval-128_oracle-judge-64.log
[2026-07-04 18:59:53] Job completed: prompt_only_prompt_1_shard_0 gpu=1
[2026-07-04 18:59:58] Launching job=prompt_only_prompt_1_shard_1 gpu=1 type=prompt_only depends_on=none
[2026-07-04 18:59:58] Starting GPU 1 attempt: ./run_oracle_experiment.sh --preset prompt_only_oracle --target-prompt-offset 25 --target-prompt-limit 25 --num-oracle-rollouts 50 --oracle-prompts-path prompts/oracle_prompts/model_answer_min_200_words.json --oracle-eval-batch-size 128 --oracle-judge-batch-size 64 --judge-instruction-path strongReject_v5.jinja2 --judge-thinking off --wandb on --wandb-run-name parallel_20260704_185437__prompt_only_prompt_1_shard_1 --set WANDB_GROUP=parallel_20260704_185437 --set WANDB_JOB_TYPE=prompt_only_prompt_1_shard_1 
[2026-07-04 18:59:58] Attempt log: logs/parallel_20260704_185437/prompt_only_prompt_1_shard_1_attempt-1_oracle-eval-128_oracle-judge-64.log
[2026-07-04 19:00:16] Finished GPU 0 attempt successfully: deterministic_prompt_1_shard_0_attempt-1_oracle-eval-128_oracle-judge-64.log
[2026-07-04 19:00:18] Job completed: deterministic_prompt_1_shard_0 gpu=0
[2026-07-04 19:00:22] Finished GPU 1 attempt successfully: prompt_only_prompt_1_shard_1_attempt-1_oracle-eval-128_oracle-judge-64.log
[2026-07-04 19:00:23] Launching job=deterministic_prompt_1_shard_1 gpu=0 type=deterministic depends_on=target_shard_1
[2026-07-04 19:00:23] Starting GPU 0 attempt: ./run_oracle_experiment.sh --preset rollout_post_prompt_oracle --target-prompt-offset 25 --target-prompt-limit 25 --num-rollouts 50 --oracle-prompts-path prompts/oracle_prompts/model_answer_min_200_words.json --oracle-eval-batch-size 128 --oracle-judge-batch-size 64 --judge-instruction-path strongReject_v5.jinja2 --judge-thinking off --wandb on --wandb-run-name parallel_20260704_185437__deterministic_prompt_1_shard_1 --set WANDB_GROUP=parallel_20260704_185437 --set WANDB_JOB_TYPE=deterministic_prompt_1_shard_1 
[2026-07-04 19:00:23] Attempt log: logs/parallel_20260704_185437/deterministic_prompt_1_shard_1_attempt-1_oracle-eval-128_oracle-judge-64.log
[2026-07-04 19:00:23] Job completed: prompt_only_prompt_1_shard_1 gpu=1
[2026-07-04 19:00:28] Launching job=prompt_only_prompt_1_shard_2 gpu=1 type=prompt_only depends_on=none
[2026-07-04 19:00:28] Starting GPU 1 attempt: ./run_oracle_experiment.sh --preset prompt_only_oracle --target-prompt-offset 50 --target-prompt-limit 25 --num-oracle-rollouts 50 --oracle-prompts-path prompts/oracle_prompts/model_answer_min_200_words.json --oracle-eval-batch-size 128 --oracle-judge-batch-size 64 --judge-instruction-path strongReject_v5.jinja2 --judge-thinking off --wandb on --wandb-run-name parallel_20260704_185437__prompt_only_prompt_1_shard_2 --set WANDB_GROUP=parallel_20260704_185437 --set WANDB_JOB_TYPE=prompt_only_prompt_1_shard_2 
[2026-07-04 19:00:28] Attempt log: logs/parallel_20260704_185437/prompt_only_prompt_1_shard_2_attempt-1_oracle-eval-128_oracle-judge-64.log
[2026-07-04 19:00:53] Finished GPU 1 attempt successfully: prompt_only_prompt_1_shard_2_attempt-1_oracle-eval-128_oracle-judge-64.log
[2026-07-04 19:00:54] Finished GPU 0 attempt successfully: deterministic_prompt_1_shard_1_attempt-1_oracle-eval-128_oracle-judge-64.log
[2026-07-04 19:00:58] Job completed: deterministic_prompt_1_shard_1 gpu=0
[2026-07-04 19:00:58] Job completed: prompt_only_prompt_1_shard_2 gpu=1
[2026-07-04 19:00:58] Launching job=deterministic_prompt_1_shard_2 gpu=0 type=deterministic depends_on=target_shard_2
[2026-07-04 19:00:58] Starting GPU 0 attempt: ./run_oracle_experiment.sh --preset rollout_post_prompt_oracle --target-prompt-offset 50 --target-prompt-limit 25 --num-rollouts 50 --oracle-prompts-path prompts/oracle_prompts/model_answer_min_200_words.json --oracle-eval-batch-size 128 --oracle-judge-batch-size 64 --judge-instruction-path strongReject_v5.jinja2 --judge-thinking off --wandb on --wandb-run-name parallel_20260704_185437__deterministic_prompt_1_shard_2 --set WANDB_GROUP=parallel_20260704_185437 --set WANDB_JOB_TYPE=deterministic_prompt_1_shard_2 
[2026-07-04 19:00:58] Launching job=prompt_only_prompt_1_shard_3 gpu=1 type=prompt_only depends_on=none
[2026-07-04 19:00:58] Attempt log: logs/parallel_20260704_185437/deterministic_prompt_1_shard_2_attempt-1_oracle-eval-128_oracle-judge-64.log
[2026-07-04 19:00:58] Starting GPU 1 attempt: ./run_oracle_experiment.sh --preset prompt_only_oracle --target-prompt-offset 75 --target-prompt-limit 25 --num-oracle-rollouts 50 --oracle-prompts-path prompts/oracle_prompts/model_answer_min_200_words.json --oracle-eval-batch-size 128 --oracle-judge-batch-size 64 --judge-instruction-path strongReject_v5.jinja2 --judge-thinking off --wandb on --wandb-run-name parallel_20260704_185437__prompt_only_prompt_1_shard_3 --set WANDB_GROUP=parallel_20260704_185437 --set WANDB_JOB_TYPE=prompt_only_prompt_1_shard_3 
[2026-07-04 19:00:58] Attempt log: logs/parallel_20260704_185437/prompt_only_prompt_1_shard_3_attempt-1_oracle-eval-128_oracle-judge-64.log
[2026-07-04 19:01:34] Finished GPU 1 attempt successfully: prompt_only_prompt_1_shard_3_attempt-1_oracle-eval-128_oracle-judge-64.log
[2026-07-04 19:01:38] Job completed: prompt_only_prompt_1_shard_3 gpu=1
[2026-07-04 19:01:39] Finished GPU 0 attempt successfully: deterministic_prompt_1_shard_2_attempt-1_oracle-eval-128_oracle-judge-64.log
[2026-07-04 19:01:43] Launching job=deterministic_prompt_1_shard_3 gpu=1 type=deterministic depends_on=target_shard_3
[2026-07-04 19:01:43] Starting GPU 1 attempt: ./run_oracle_experiment.sh --preset rollout_post_prompt_oracle --target-prompt-offset 75 --target-prompt-limit 25 --num-rollouts 50 --oracle-prompts-path prompts/oracle_prompts/model_answer_min_200_words.json --oracle-eval-batch-size 128 --oracle-judge-batch-size 64 --judge-instruction-path strongReject_v5.jinja2 --judge-thinking off --wandb on --wandb-run-name parallel_20260704_185437__deterministic_prompt_1_shard_3 --set WANDB_GROUP=parallel_20260704_185437 --set WANDB_JOB_TYPE=deterministic_prompt_1_shard_3 
[2026-07-04 19:01:43] Job completed: deterministic_prompt_1_shard_2 gpu=0
[2026-07-04 19:01:43] Attempt log: logs/parallel_20260704_185437/deterministic_prompt_1_shard_3_attempt-1_oracle-eval-128_oracle-judge-64.log
[2026-07-04 19:02:10] Finished GPU 1 attempt successfully: deterministic_prompt_1_shard_3_attempt-1_oracle-eval-128_oracle-judge-64.log
[2026-07-04 19:02:13] Job completed: deterministic_prompt_1_shard_3 gpu=1
[2026-07-04 19:02:13] Summary done: target_shard_0 control_shard_0 target_shard_1 control_shard_1 target_shard_2 control_shard_2 target_shard_3 control_shard_3 prompt_only_prompt_0_shard_0 deterministic_prompt_0_shard_0 prompt_only_prompt_0_shard_1 deterministic_prompt_0_shard_1 prompt_only_prompt_0_shard_2 deterministic_prompt_0_shard_2 prompt_only_prompt_0_shard_3 deterministic_prompt_0_shard_3 prompt_only_prompt_1_shard_0 deterministic_prompt_1_shard_0 prompt_only_prompt_1_shard_1 deterministic_prompt_1_shard_1 prompt_only_prompt_1_shard_2 deterministic_prompt_1_shard_2 prompt_only_prompt_1_shard_3 deterministic_prompt_1_shard_3
[2026-07-04 19:02:13] Summary failed: <none>
[2026-07-04 19:02:13] Summary blocked: <none>
[2026-07-04 19:02:13] Summary pending: <none>
[2026-07-04 19:02:13] Summary running: <none>
[2026-07-04 19:02:13] All parallel jobs completed successfully.
