[2026-07-04 13:04:17] Parallel run starting. run_label=parallel_20260704_130417 logs=logs/parallel_20260704_130417
[2026-07-04 13:04:17] GPU pool: 0 1
[2026-07-04 13:04:17] Shard count (all stages): 4 over 100 target prompts
[2026-07-04 13:04:17] Full deterministic oracle preset: rollout_post_prompt_oracle
[2026-07-04 13:04:17] Oracle prompt paths: prompts/oracle_prompts/default_oracle_prompts.json,prompts/oracle_prompts/model_answer_min_200_words.json
[2026-07-04 13:04:17] Job table:
[2026-07-04 13:04:17]   job=target_shard_0 type=target preset=target_judging_only offset=0 limit=25 oracle_prompts_path=none depends_on=none ladder=target_judge
[2026-07-04 13:04:17]   job=control_shard_0 type=target_control preset=oracle_target_control offset=0 limit=25 oracle_prompts_path=none depends_on=none ladder=target_judge
[2026-07-04 13:04:17]   job=target_shard_1 type=target preset=target_judging_only offset=25 limit=25 oracle_prompts_path=none depends_on=none ladder=target_judge
[2026-07-04 13:04:17]   job=control_shard_1 type=target_control preset=oracle_target_control offset=25 limit=25 oracle_prompts_path=none depends_on=none ladder=target_judge
[2026-07-04 13:04:17]   job=target_shard_2 type=target preset=target_judging_only offset=50 limit=25 oracle_prompts_path=none depends_on=none ladder=target_judge
[2026-07-04 13:04:17]   job=control_shard_2 type=target_control preset=oracle_target_control offset=50 limit=25 oracle_prompts_path=none depends_on=none ladder=target_judge
[2026-07-04 13:04:17]   job=target_shard_3 type=target preset=target_judging_only offset=75 limit=25 oracle_prompts_path=none depends_on=none ladder=target_judge
[2026-07-04 13:04:17]   job=control_shard_3 type=target_control preset=oracle_target_control offset=75 limit=25 oracle_prompts_path=none depends_on=none ladder=target_judge
[2026-07-04 13:04:17]   job=prompt_only_prompt_0_shard_0 type=prompt_only preset=prompt_only_oracle offset=0 limit=25 oracle_prompts_path=prompts/oracle_prompts/default_oracle_prompts.json depends_on=none ladder=oracle_eval_judge
[2026-07-04 13:04:17]   job=deterministic_prompt_0_shard_0 type=deterministic preset=rollout_post_prompt_oracle offset=0 limit=25 oracle_prompts_path=prompts/oracle_prompts/default_oracle_prompts.json depends_on=target_shard_0 ladder=oracle_eval_judge
[2026-07-04 13:04:17]   job=prompt_only_prompt_0_shard_1 type=prompt_only preset=prompt_only_oracle offset=25 limit=25 oracle_prompts_path=prompts/oracle_prompts/default_oracle_prompts.json depends_on=none ladder=oracle_eval_judge
[2026-07-04 13:04:17]   job=deterministic_prompt_0_shard_1 type=deterministic preset=rollout_post_prompt_oracle offset=25 limit=25 oracle_prompts_path=prompts/oracle_prompts/default_oracle_prompts.json depends_on=target_shard_1 ladder=oracle_eval_judge
[2026-07-04 13:04:17]   job=prompt_only_prompt_0_shard_2 type=prompt_only preset=prompt_only_oracle offset=50 limit=25 oracle_prompts_path=prompts/oracle_prompts/default_oracle_prompts.json depends_on=none ladder=oracle_eval_judge
[2026-07-04 13:04:17]   job=deterministic_prompt_0_shard_2 type=deterministic preset=rollout_post_prompt_oracle offset=50 limit=25 oracle_prompts_path=prompts/oracle_prompts/default_oracle_prompts.json depends_on=target_shard_2 ladder=oracle_eval_judge
[2026-07-04 13:04:17]   job=prompt_only_prompt_0_shard_3 type=prompt_only preset=prompt_only_oracle offset=75 limit=25 oracle_prompts_path=prompts/oracle_prompts/default_oracle_prompts.json depends_on=none ladder=oracle_eval_judge
[2026-07-04 13:04:17]   job=deterministic_prompt_0_shard_3 type=deterministic preset=rollout_post_prompt_oracle offset=75 limit=25 oracle_prompts_path=prompts/oracle_prompts/default_oracle_prompts.json depends_on=target_shard_3 ladder=oracle_eval_judge
[2026-07-04 13:04:17]   job=prompt_only_prompt_1_shard_0 type=prompt_only preset=prompt_only_oracle offset=0 limit=25 oracle_prompts_path=prompts/oracle_prompts/model_answer_min_200_words.json depends_on=none ladder=oracle_eval_judge
[2026-07-04 13:04:17]   job=deterministic_prompt_1_shard_0 type=deterministic preset=rollout_post_prompt_oracle offset=0 limit=25 oracle_prompts_path=prompts/oracle_prompts/model_answer_min_200_words.json depends_on=target_shard_0 ladder=oracle_eval_judge
[2026-07-04 13:04:17]   job=prompt_only_prompt_1_shard_1 type=prompt_only preset=prompt_only_oracle offset=25 limit=25 oracle_prompts_path=prompts/oracle_prompts/model_answer_min_200_words.json depends_on=none ladder=oracle_eval_judge
[2026-07-04 13:04:17]   job=deterministic_prompt_1_shard_1 type=deterministic preset=rollout_post_prompt_oracle offset=25 limit=25 oracle_prompts_path=prompts/oracle_prompts/model_answer_min_200_words.json depends_on=target_shard_1 ladder=oracle_eval_judge
[2026-07-04 13:04:17]   job=prompt_only_prompt_1_shard_2 type=prompt_only preset=prompt_only_oracle offset=50 limit=25 oracle_prompts_path=prompts/oracle_prompts/model_answer_min_200_words.json depends_on=none ladder=oracle_eval_judge
[2026-07-04 13:04:17]   job=deterministic_prompt_1_shard_2 type=deterministic preset=rollout_post_prompt_oracle offset=50 limit=25 oracle_prompts_path=prompts/oracle_prompts/model_answer_min_200_words.json depends_on=target_shard_2 ladder=oracle_eval_judge
[2026-07-04 13:04:17]   job=prompt_only_prompt_1_shard_3 type=prompt_only preset=prompt_only_oracle offset=75 limit=25 oracle_prompts_path=prompts/oracle_prompts/model_answer_min_200_words.json depends_on=none ladder=oracle_eval_judge
[2026-07-04 13:04:17]   job=deterministic_prompt_1_shard_3 type=deterministic preset=rollout_post_prompt_oracle offset=75 limit=25 oracle_prompts_path=prompts/oracle_prompts/model_answer_min_200_words.json depends_on=target_shard_3 ladder=oracle_eval_judge
[2026-07-04 13:04:17] Launching job=target_shard_0 gpu=0 type=target depends_on=none
[2026-07-04 13:04:17] Starting GPU 0 attempt: ./run_oracle_experiment.sh --preset target_judging_only --target-prompt-offset 0 --target-prompt-limit 25 --num-rollouts 50 --target-judge-batch-size 64 --judge-instruction-path strongReject_v5.jinja2 --judge-thinking off --wandb on --wandb-run-name parallel_20260704_130417__target_shard_0 --set WANDB_GROUP=parallel_20260704_130417 --set WANDB_JOB_TYPE=target_shard_0 
[2026-07-04 13:04:17] Launching job=control_shard_0 gpu=1 type=target_control depends_on=none
[2026-07-04 13:04:17] Attempt log: logs/parallel_20260704_130417/target_shard_0_attempt-1_target-judge-batch-64.log
[2026-07-04 13:04:17] Starting GPU 1 attempt: ./run_oracle_experiment.sh --preset oracle_target_control --target-prompt-offset 0 --target-prompt-limit 25 --num-rollouts 50 --target-judge-batch-size 64 --target-thinking off --judge-instruction-path strongReject_v5.jinja2 --judge-thinking off --wandb on --wandb-run-name parallel_20260704_130417__control_shard_0 --set WANDB_GROUP=parallel_20260704_130417 --set WANDB_JOB_TYPE=control_shard_0 
[2026-07-04 13:04:17] Attempt log: logs/parallel_20260704_130417/control_shard_0_attempt-1_target-judge-batch-64.log
[2026-07-04 13:04:55] Finished GPU 0 attempt successfully: target_shard_0_attempt-1_target-judge-batch-64.log
[2026-07-04 13:04:56] Finished GPU 1 attempt successfully: control_shard_0_attempt-1_target-judge-batch-64.log
[2026-07-04 13:04:57] Job completed: target_shard_0 gpu=0
[2026-07-04 13:04:57] Job completed: control_shard_0 gpu=1
[2026-07-04 13:04:57] Launching job=target_shard_1 gpu=0 type=target depends_on=none
[2026-07-04 13:04:57] Starting GPU 0 attempt: ./run_oracle_experiment.sh --preset target_judging_only --target-prompt-offset 25 --target-prompt-limit 25 --num-rollouts 50 --target-judge-batch-size 64 --judge-instruction-path strongReject_v5.jinja2 --judge-thinking off --wandb on --wandb-run-name parallel_20260704_130417__target_shard_1 --set WANDB_GROUP=parallel_20260704_130417 --set WANDB_JOB_TYPE=target_shard_1 
[2026-07-04 13:04:57] Launching job=control_shard_1 gpu=1 type=target_control depends_on=none
[2026-07-04 13:04:57] Attempt log: logs/parallel_20260704_130417/target_shard_1_attempt-1_target-judge-batch-64.log
[2026-07-04 13:04:57] Starting GPU 1 attempt: ./run_oracle_experiment.sh --preset oracle_target_control --target-prompt-offset 25 --target-prompt-limit 25 --num-rollouts 50 --target-judge-batch-size 64 --target-thinking off --judge-instruction-path strongReject_v5.jinja2 --judge-thinking off --wandb on --wandb-run-name parallel_20260704_130417__control_shard_1 --set WANDB_GROUP=parallel_20260704_130417 --set WANDB_JOB_TYPE=control_shard_1 
[2026-07-04 13:04:57] Attempt log: logs/parallel_20260704_130417/control_shard_1_attempt-1_target-judge-batch-64.log
[2026-07-04 13:05:33] Finished GPU 0 attempt successfully: target_shard_1_attempt-1_target-judge-batch-64.log
[2026-07-04 13:05:34] Finished GPU 1 attempt successfully: control_shard_1_attempt-1_target-judge-batch-64.log
[2026-07-04 13:05:37] Job completed: target_shard_1 gpu=0
[2026-07-04 13:05:37] Job completed: control_shard_1 gpu=1
[2026-07-04 13:05:37] Launching job=target_shard_2 gpu=0 type=target depends_on=none
[2026-07-04 13:05:37] Launching job=control_shard_2 gpu=1 type=target_control depends_on=none
[2026-07-04 13:05:37] Starting GPU 0 attempt: ./run_oracle_experiment.sh --preset target_judging_only --target-prompt-offset 50 --target-prompt-limit 25 --num-rollouts 50 --target-judge-batch-size 64 --judge-instruction-path strongReject_v5.jinja2 --judge-thinking off --wandb on --wandb-run-name parallel_20260704_130417__target_shard_2 --set WANDB_GROUP=parallel_20260704_130417 --set WANDB_JOB_TYPE=target_shard_2 
[2026-07-04 13:05:37] Attempt log: logs/parallel_20260704_130417/target_shard_2_attempt-1_target-judge-batch-64.log
[2026-07-04 13:05:37] Starting GPU 1 attempt: ./run_oracle_experiment.sh --preset oracle_target_control --target-prompt-offset 50 --target-prompt-limit 25 --num-rollouts 50 --target-judge-batch-size 64 --target-thinking off --judge-instruction-path strongReject_v5.jinja2 --judge-thinking off --wandb on --wandb-run-name parallel_20260704_130417__control_shard_2 --set WANDB_GROUP=parallel_20260704_130417 --set WANDB_JOB_TYPE=control_shard_2 
[2026-07-04 13:05:37] Attempt log: logs/parallel_20260704_130417/control_shard_2_attempt-1_target-judge-batch-64.log
[2026-07-04 13:06:17] Finished GPU 0 attempt successfully: target_shard_2_attempt-1_target-judge-batch-64.log
[2026-07-04 13:06:17] Job completed: target_shard_2 gpu=0
[2026-07-04 13:06:17] Finished GPU 1 attempt successfully: control_shard_2_attempt-1_target-judge-batch-64.log
[2026-07-04 13:06:22] Launching job=target_shard_3 gpu=0 type=target depends_on=none
[2026-07-04 13:06:22] Starting GPU 0 attempt: ./run_oracle_experiment.sh --preset target_judging_only --target-prompt-offset 75 --target-prompt-limit 25 --num-rollouts 50 --target-judge-batch-size 64 --judge-instruction-path strongReject_v5.jinja2 --judge-thinking off --wandb on --wandb-run-name parallel_20260704_130417__target_shard_3 --set WANDB_GROUP=parallel_20260704_130417 --set WANDB_JOB_TYPE=target_shard_3 
[2026-07-04 13:06:22] Job completed: control_shard_2 gpu=1
[2026-07-04 13:06:22] Attempt log: logs/parallel_20260704_130417/target_shard_3_attempt-1_target-judge-batch-64.log
[2026-07-04 13:06:27] Launching job=control_shard_3 gpu=1 type=target_control depends_on=none
[2026-07-04 13:06:27] Starting GPU 1 attempt: ./run_oracle_experiment.sh --preset oracle_target_control --target-prompt-offset 75 --target-prompt-limit 25 --num-rollouts 50 --target-judge-batch-size 64 --target-thinking off --judge-instruction-path strongReject_v5.jinja2 --judge-thinking off --wandb on --wandb-run-name parallel_20260704_130417__control_shard_3 --set WANDB_GROUP=parallel_20260704_130417 --set WANDB_JOB_TYPE=control_shard_3 
[2026-07-04 13:06:27] Attempt log: logs/parallel_20260704_130417/control_shard_3_attempt-1_target-judge-batch-64.log
[2026-07-04 13:06:46] Finished GPU 0 attempt successfully: target_shard_3_attempt-1_target-judge-batch-64.log
[2026-07-04 13:06:47] Job completed: target_shard_3 gpu=0
[2026-07-04 13:06:52] Launching job=prompt_only_prompt_0_shard_0 gpu=0 type=prompt_only depends_on=none
[2026-07-04 13:06:52] Starting GPU 0 attempt: ./run_oracle_experiment.sh --preset prompt_only_oracle --target-prompt-offset 0 --target-prompt-limit 25 --num-oracle-rollouts 50 --oracle-prompts-path prompts/oracle_prompts/default_oracle_prompts.json --oracle-eval-batch-size 128 --oracle-judge-batch-size 64 --judge-instruction-path strongReject_v5.jinja2 --judge-thinking off --wandb on --wandb-run-name parallel_20260704_130417__prompt_only_prompt_0_shard_0 --set WANDB_GROUP=parallel_20260704_130417 --set WANDB_JOB_TYPE=prompt_only_prompt_0_shard_0 
[2026-07-04 13:06:52] Attempt log: logs/parallel_20260704_130417/prompt_only_prompt_0_shard_0_attempt-1_oracle-eval-128_oracle-judge-64.log
[2026-07-04 13:06:52] Finished GPU 1 attempt successfully: control_shard_3_attempt-1_target-judge-batch-64.log
[2026-07-04 13:06:57] Job completed: control_shard_3 gpu=1
[2026-07-04 13:07:02] Launching job=deterministic_prompt_0_shard_0 gpu=1 type=deterministic depends_on=target_shard_0
[2026-07-04 13:07:02] Starting GPU 1 attempt: ./run_oracle_experiment.sh --preset rollout_post_prompt_oracle --target-prompt-offset 0 --target-prompt-limit 25 --num-rollouts 50 --oracle-prompts-path prompts/oracle_prompts/default_oracle_prompts.json --oracle-eval-batch-size 128 --oracle-judge-batch-size 64 --judge-instruction-path strongReject_v5.jinja2 --judge-thinking off --wandb on --wandb-run-name parallel_20260704_130417__deterministic_prompt_0_shard_0 --set WANDB_GROUP=parallel_20260704_130417 --set WANDB_JOB_TYPE=deterministic_prompt_0_shard_0 
[2026-07-04 13:07:02] Attempt log: logs/parallel_20260704_130417/deterministic_prompt_0_shard_0_attempt-1_oracle-eval-128_oracle-judge-64.log
[2026-07-04 13:07:17] Finished GPU 0 attempt successfully: prompt_only_prompt_0_shard_0_attempt-1_oracle-eval-128_oracle-judge-64.log
[2026-07-04 13:07:17] Job completed: prompt_only_prompt_0_shard_0 gpu=0
[2026-07-04 13:07:22] Launching job=prompt_only_prompt_0_shard_1 gpu=0 type=prompt_only depends_on=none
[2026-07-04 13:07:22] Starting GPU 0 attempt: ./run_oracle_experiment.sh --preset prompt_only_oracle --target-prompt-offset 25 --target-prompt-limit 25 --num-oracle-rollouts 50 --oracle-prompts-path prompts/oracle_prompts/default_oracle_prompts.json --oracle-eval-batch-size 128 --oracle-judge-batch-size 64 --judge-instruction-path strongReject_v5.jinja2 --judge-thinking off --wandb on --wandb-run-name parallel_20260704_130417__prompt_only_prompt_0_shard_1 --set WANDB_GROUP=parallel_20260704_130417 --set WANDB_JOB_TYPE=prompt_only_prompt_0_shard_1 
[2026-07-04 13:07:22] Attempt log: logs/parallel_20260704_130417/prompt_only_prompt_0_shard_1_attempt-1_oracle-eval-128_oracle-judge-64.log
[2026-07-04 13:07:31] Finished GPU 1 attempt successfully: deterministic_prompt_0_shard_0_attempt-1_oracle-eval-128_oracle-judge-64.log
[2026-07-04 13:07:32] Job completed: deterministic_prompt_0_shard_0 gpu=1
[2026-07-04 13:07:37] Launching job=deterministic_prompt_0_shard_1 gpu=1 type=deterministic depends_on=target_shard_1
[2026-07-04 13:07:37] Starting GPU 1 attempt: ./run_oracle_experiment.sh --preset rollout_post_prompt_oracle --target-prompt-offset 25 --target-prompt-limit 25 --num-rollouts 50 --oracle-prompts-path prompts/oracle_prompts/default_oracle_prompts.json --oracle-eval-batch-size 128 --oracle-judge-batch-size 64 --judge-instruction-path strongReject_v5.jinja2 --judge-thinking off --wandb on --wandb-run-name parallel_20260704_130417__deterministic_prompt_0_shard_1 --set WANDB_GROUP=parallel_20260704_130417 --set WANDB_JOB_TYPE=deterministic_prompt_0_shard_1 
[2026-07-04 13:07:37] Attempt log: logs/parallel_20260704_130417/deterministic_prompt_0_shard_1_attempt-1_oracle-eval-128_oracle-judge-64.log
[2026-07-04 13:07:47] Finished GPU 0 attempt successfully: prompt_only_prompt_0_shard_1_attempt-1_oracle-eval-128_oracle-judge-64.log
[2026-07-04 13:07:48] Job completed: prompt_only_prompt_0_shard_1 gpu=0
[2026-07-04 13:07:53] Launching job=prompt_only_prompt_0_shard_2 gpu=0 type=prompt_only depends_on=none
[2026-07-04 13:07:53] Starting GPU 0 attempt: ./run_oracle_experiment.sh --preset prompt_only_oracle --target-prompt-offset 50 --target-prompt-limit 25 --num-oracle-rollouts 50 --oracle-prompts-path prompts/oracle_prompts/default_oracle_prompts.json --oracle-eval-batch-size 128 --oracle-judge-batch-size 64 --judge-instruction-path strongReject_v5.jinja2 --judge-thinking off --wandb on --wandb-run-name parallel_20260704_130417__prompt_only_prompt_0_shard_2 --set WANDB_GROUP=parallel_20260704_130417 --set WANDB_JOB_TYPE=prompt_only_prompt_0_shard_2 
[2026-07-04 13:07:53] Attempt log: logs/parallel_20260704_130417/prompt_only_prompt_0_shard_2_attempt-1_oracle-eval-128_oracle-judge-64.log
[2026-07-04 13:08:19] Finished GPU 0 attempt successfully: prompt_only_prompt_0_shard_2_attempt-1_oracle-eval-128_oracle-judge-64.log
[2026-07-04 13:08:23] Job completed: prompt_only_prompt_0_shard_2 gpu=0
[2026-07-04 13:08:27] GPU 1 attempt failed with exit code 1: deterministic_prompt_0_shard_1_attempt-1_oracle-eval-128_oracle-judge-64.log
[2026-07-04 13:08:27] deterministic_prompt_0_shard_1 hit OOM; retrying with next oracle eval/judge batch pair.
[2026-07-04 13:08:27] Starting GPU 1 attempt: ./run_oracle_experiment.sh --preset rollout_post_prompt_oracle --target-prompt-offset 25 --target-prompt-limit 25 --num-rollouts 50 --oracle-prompts-path prompts/oracle_prompts/default_oracle_prompts.json --oracle-eval-batch-size 128 --oracle-judge-batch-size 32 --judge-instruction-path strongReject_v5.jinja2 --judge-thinking off --wandb on --wandb-run-name parallel_20260704_130417__deterministic_prompt_0_shard_1 --set WANDB_GROUP=parallel_20260704_130417 --set WANDB_JOB_TYPE=deterministic_prompt_0_shard_1 
[2026-07-04 13:08:27] Attempt log: logs/parallel_20260704_130417/deterministic_prompt_0_shard_1_attempt-2_oracle-eval-128_oracle-judge-32.log
[2026-07-04 13:08:28] Launching job=deterministic_prompt_0_shard_2 gpu=0 type=deterministic depends_on=target_shard_2
[2026-07-04 13:08:28] Starting GPU 0 attempt: ./run_oracle_experiment.sh --preset rollout_post_prompt_oracle --target-prompt-offset 50 --target-prompt-limit 25 --num-rollouts 50 --oracle-prompts-path prompts/oracle_prompts/default_oracle_prompts.json --oracle-eval-batch-size 128 --oracle-judge-batch-size 64 --judge-instruction-path strongReject_v5.jinja2 --judge-thinking off --wandb on --wandb-run-name parallel_20260704_130417__deterministic_prompt_0_shard_2 --set WANDB_GROUP=parallel_20260704_130417 --set WANDB_JOB_TYPE=deterministic_prompt_0_shard_2 
[2026-07-04 13:08:28] Attempt log: logs/parallel_20260704_130417/deterministic_prompt_0_shard_2_attempt-1_oracle-eval-128_oracle-judge-64.log
[2026-07-04 13:09:08] Finished GPU 0 attempt successfully: deterministic_prompt_0_shard_2_attempt-1_oracle-eval-128_oracle-judge-64.log
[2026-07-04 13:09:13] Job completed: deterministic_prompt_0_shard_2 gpu=0
[2026-07-04 13:09:18] Launching job=prompt_only_prompt_0_shard_3 gpu=0 type=prompt_only depends_on=none
[2026-07-04 13:09:18] Starting GPU 0 attempt: ./run_oracle_experiment.sh --preset prompt_only_oracle --target-prompt-offset 75 --target-prompt-limit 25 --num-oracle-rollouts 50 --oracle-prompts-path prompts/oracle_prompts/default_oracle_prompts.json --oracle-eval-batch-size 128 --oracle-judge-batch-size 64 --judge-instruction-path strongReject_v5.jinja2 --judge-thinking off --wandb on --wandb-run-name parallel_20260704_130417__prompt_only_prompt_0_shard_3 --set WANDB_GROUP=parallel_20260704_130417 --set WANDB_JOB_TYPE=prompt_only_prompt_0_shard_3 
[2026-07-04 13:09:18] Attempt log: logs/parallel_20260704_130417/prompt_only_prompt_0_shard_3_attempt-1_oracle-eval-128_oracle-judge-64.log
[2026-07-04 13:09:26] GPU 1 attempt failed with exit code 1: deterministic_prompt_0_shard_1_attempt-2_oracle-eval-128_oracle-judge-32.log
[2026-07-04 13:09:26] deterministic_prompt_0_shard_1 hit OOM; retrying with next oracle eval/judge batch pair.
[2026-07-04 13:09:26] Starting GPU 1 attempt: ./run_oracle_experiment.sh --preset rollout_post_prompt_oracle --target-prompt-offset 25 --target-prompt-limit 25 --num-rollouts 50 --oracle-prompts-path prompts/oracle_prompts/default_oracle_prompts.json --oracle-eval-batch-size 64 --oracle-judge-batch-size 32 --judge-instruction-path strongReject_v5.jinja2 --judge-thinking off --wandb on --wandb-run-name parallel_20260704_130417__deterministic_prompt_0_shard_1 --set WANDB_GROUP=parallel_20260704_130417 --set WANDB_JOB_TYPE=deterministic_prompt_0_shard_1 
[2026-07-04 13:09:26] Attempt log: logs/parallel_20260704_130417/deterministic_prompt_0_shard_1_attempt-3_oracle-eval-64_oracle-judge-32.log
[2026-07-04 13:09:41] Finished GPU 0 attempt successfully: prompt_only_prompt_0_shard_3_attempt-1_oracle-eval-128_oracle-judge-64.log
[2026-07-04 13:09:43] Job completed: prompt_only_prompt_0_shard_3 gpu=0
[2026-07-04 13:09:48] Launching job=deterministic_prompt_0_shard_3 gpu=0 type=deterministic depends_on=target_shard_3
[2026-07-04 13:09:48] Starting GPU 0 attempt: ./run_oracle_experiment.sh --preset rollout_post_prompt_oracle --target-prompt-offset 75 --target-prompt-limit 25 --num-rollouts 50 --oracle-prompts-path prompts/oracle_prompts/default_oracle_prompts.json --oracle-eval-batch-size 128 --oracle-judge-batch-size 64 --judge-instruction-path strongReject_v5.jinja2 --judge-thinking off --wandb on --wandb-run-name parallel_20260704_130417__deterministic_prompt_0_shard_3 --set WANDB_GROUP=parallel_20260704_130417 --set WANDB_JOB_TYPE=deterministic_prompt_0_shard_3 
[2026-07-04 13:09:48] Attempt log: logs/parallel_20260704_130417/deterministic_prompt_0_shard_3_attempt-1_oracle-eval-128_oracle-judge-64.log
[2026-07-04 13:10:17] GPU 1 attempt failed with exit code 1: deterministic_prompt_0_shard_1_attempt-3_oracle-eval-64_oracle-judge-32.log
[2026-07-04 13:10:17] deterministic_prompt_0_shard_1 hit OOM; retrying with next oracle eval/judge batch pair.
[2026-07-04 13:10:17] Starting GPU 1 attempt: ./run_oracle_experiment.sh --preset rollout_post_prompt_oracle --target-prompt-offset 25 --target-prompt-limit 25 --num-rollouts 50 --oracle-prompts-path prompts/oracle_prompts/default_oracle_prompts.json --oracle-eval-batch-size 64 --oracle-judge-batch-size 16 --judge-instruction-path strongReject_v5.jinja2 --judge-thinking off --wandb on --wandb-run-name parallel_20260704_130417__deterministic_prompt_0_shard_1 --set WANDB_GROUP=parallel_20260704_130417 --set WANDB_JOB_TYPE=deterministic_prompt_0_shard_1 
[2026-07-04 13:10:17] Attempt log: logs/parallel_20260704_130417/deterministic_prompt_0_shard_1_attempt-4_oracle-eval-64_oracle-judge-16.log
[2026-07-04 13:10:30] GPU 0 attempt failed with exit code 1: deterministic_prompt_0_shard_3_attempt-1_oracle-eval-128_oracle-judge-64.log
[2026-07-04 13:10:30] deterministic_prompt_0_shard_3 hit OOM; retrying with next oracle eval/judge batch pair.
[2026-07-04 13:10:30] Starting GPU 0 attempt: ./run_oracle_experiment.sh --preset rollout_post_prompt_oracle --target-prompt-offset 75 --target-prompt-limit 25 --num-rollouts 50 --oracle-prompts-path prompts/oracle_prompts/default_oracle_prompts.json --oracle-eval-batch-size 128 --oracle-judge-batch-size 32 --judge-instruction-path strongReject_v5.jinja2 --judge-thinking off --wandb on --wandb-run-name parallel_20260704_130417__deterministic_prompt_0_shard_3 --set WANDB_GROUP=parallel_20260704_130417 --set WANDB_JOB_TYPE=deterministic_prompt_0_shard_3 
[2026-07-04 13:10:30] Attempt log: logs/parallel_20260704_130417/deterministic_prompt_0_shard_3_attempt-2_oracle-eval-128_oracle-judge-32.log
[2026-07-04 13:11:05] GPU 1 attempt failed with exit code 1: deterministic_prompt_0_shard_1_attempt-4_oracle-eval-64_oracle-judge-16.log
[2026-07-04 13:11:05] deterministic_prompt_0_shard_1 hit OOM; retrying with next oracle eval/judge batch pair.
[2026-07-04 13:11:05] Starting GPU 1 attempt: ./run_oracle_experiment.sh --preset rollout_post_prompt_oracle --target-prompt-offset 25 --target-prompt-limit 25 --num-rollouts 50 --oracle-prompts-path prompts/oracle_prompts/default_oracle_prompts.json --oracle-eval-batch-size 32 --oracle-judge-batch-size 16 --judge-instruction-path strongReject_v5.jinja2 --judge-thinking off --wandb on --wandb-run-name parallel_20260704_130417__deterministic_prompt_0_shard_1 --set WANDB_GROUP=parallel_20260704_130417 --set WANDB_JOB_TYPE=deterministic_prompt_0_shard_1 
[2026-07-04 13:11:05] Attempt log: logs/parallel_20260704_130417/deterministic_prompt_0_shard_1_attempt-5_oracle-eval-32_oracle-judge-16.log
[2026-07-04 13:11:13] GPU 0 attempt failed with exit code 1: deterministic_prompt_0_shard_3_attempt-2_oracle-eval-128_oracle-judge-32.log
[2026-07-04 13:11:13] deterministic_prompt_0_shard_3 hit OOM; retrying with next oracle eval/judge batch pair.
[2026-07-04 13:11:13] Starting GPU 0 attempt: ./run_oracle_experiment.sh --preset rollout_post_prompt_oracle --target-prompt-offset 75 --target-prompt-limit 25 --num-rollouts 50 --oracle-prompts-path prompts/oracle_prompts/default_oracle_prompts.json --oracle-eval-batch-size 64 --oracle-judge-batch-size 32 --judge-instruction-path strongReject_v5.jinja2 --judge-thinking off --wandb on --wandb-run-name parallel_20260704_130417__deterministic_prompt_0_shard_3 --set WANDB_GROUP=parallel_20260704_130417 --set WANDB_JOB_TYPE=deterministic_prompt_0_shard_3 
[2026-07-04 13:11:13] Attempt log: logs/parallel_20260704_130417/deterministic_prompt_0_shard_3_attempt-3_oracle-eval-64_oracle-judge-32.log
[2026-07-04 13:11:53] GPU 1 attempt failed with exit code 1: deterministic_prompt_0_shard_1_attempt-5_oracle-eval-32_oracle-judge-16.log
[2026-07-04 13:11:53] deterministic_prompt_0_shard_1 hit OOM; retrying with next oracle eval/judge batch pair.
[2026-07-04 13:11:53] Starting GPU 1 attempt: ./run_oracle_experiment.sh --preset rollout_post_prompt_oracle --target-prompt-offset 25 --target-prompt-limit 25 --num-rollouts 50 --oracle-prompts-path prompts/oracle_prompts/default_oracle_prompts.json --oracle-eval-batch-size 32 --oracle-judge-batch-size 8 --judge-instruction-path strongReject_v5.jinja2 --judge-thinking off --wandb on --wandb-run-name parallel_20260704_130417__deterministic_prompt_0_shard_1 --set WANDB_GROUP=parallel_20260704_130417 --set WANDB_JOB_TYPE=deterministic_prompt_0_shard_1 
[2026-07-04 13:11:53] Attempt log: logs/parallel_20260704_130417/deterministic_prompt_0_shard_1_attempt-6_oracle-eval-32_oracle-judge-8.log
[2026-07-04 13:11:55] GPU 0 attempt failed with exit code 1: deterministic_prompt_0_shard_3_attempt-3_oracle-eval-64_oracle-judge-32.log
[2026-07-04 13:11:55] deterministic_prompt_0_shard_3 hit OOM; retrying with next oracle eval/judge batch pair.
[2026-07-04 13:11:55] Starting GPU 0 attempt: ./run_oracle_experiment.sh --preset rollout_post_prompt_oracle --target-prompt-offset 75 --target-prompt-limit 25 --num-rollouts 50 --oracle-prompts-path prompts/oracle_prompts/default_oracle_prompts.json --oracle-eval-batch-size 64 --oracle-judge-batch-size 16 --judge-instruction-path strongReject_v5.jinja2 --judge-thinking off --wandb on --wandb-run-name parallel_20260704_130417__deterministic_prompt_0_shard_3 --set WANDB_GROUP=parallel_20260704_130417 --set WANDB_JOB_TYPE=deterministic_prompt_0_shard_3 
[2026-07-04 13:11:55] Attempt log: logs/parallel_20260704_130417/deterministic_prompt_0_shard_3_attempt-4_oracle-eval-64_oracle-judge-16.log
[2026-07-04 13:12:43] GPU 0 attempt failed with exit code 1: deterministic_prompt_0_shard_3_attempt-4_oracle-eval-64_oracle-judge-16.log
[2026-07-04 13:12:43] deterministic_prompt_0_shard_3 hit OOM; retrying with next oracle eval/judge batch pair.
[2026-07-04 13:12:43] Starting GPU 0 attempt: ./run_oracle_experiment.sh --preset rollout_post_prompt_oracle --target-prompt-offset 75 --target-prompt-limit 25 --num-rollouts 50 --oracle-prompts-path prompts/oracle_prompts/default_oracle_prompts.json --oracle-eval-batch-size 32 --oracle-judge-batch-size 16 --judge-instruction-path strongReject_v5.jinja2 --judge-thinking off --wandb on --wandb-run-name parallel_20260704_130417__deterministic_prompt_0_shard_3 --set WANDB_GROUP=parallel_20260704_130417 --set WANDB_JOB_TYPE=deterministic_prompt_0_shard_3 
[2026-07-04 13:12:43] Attempt log: logs/parallel_20260704_130417/deterministic_prompt_0_shard_3_attempt-5_oracle-eval-32_oracle-judge-16.log
[2026-07-04 13:12:50] GPU 1 attempt failed with exit code 1: deterministic_prompt_0_shard_1_attempt-6_oracle-eval-32_oracle-judge-8.log
[2026-07-04 13:12:50] deterministic_prompt_0_shard_1 hit OOM; retrying with next oracle eval/judge batch pair.
[2026-07-04 13:12:50] deterministic_prompt_0_shard_1 exhausted oracle OOM retry ladder.
[2026-07-04 13:12:53] Job failed: deterministic_prompt_0_shard_1 gpu=1 status=1
[2026-07-04 13:12:58] Launching job=prompt_only_prompt_1_shard_0 gpu=1 type=prompt_only depends_on=none
[2026-07-04 13:12:58] Starting GPU 1 attempt: ./run_oracle_experiment.sh --preset prompt_only_oracle --target-prompt-offset 0 --target-prompt-limit 25 --num-oracle-rollouts 50 --oracle-prompts-path prompts/oracle_prompts/model_answer_min_200_words.json --oracle-eval-batch-size 128 --oracle-judge-batch-size 64 --judge-instruction-path strongReject_v5.jinja2 --judge-thinking off --wandb on --wandb-run-name parallel_20260704_130417__prompt_only_prompt_1_shard_0 --set WANDB_GROUP=parallel_20260704_130417 --set WANDB_JOB_TYPE=prompt_only_prompt_1_shard_0 
[2026-07-04 13:12:58] Attempt log: logs/parallel_20260704_130417/prompt_only_prompt_1_shard_0_attempt-1_oracle-eval-128_oracle-judge-64.log
[2026-07-04 13:13:24] GPU 0 attempt failed with exit code 1: deterministic_prompt_0_shard_3_attempt-5_oracle-eval-32_oracle-judge-16.log
[2026-07-04 13:13:24] deterministic_prompt_0_shard_3 hit OOM; retrying with next oracle eval/judge batch pair.
[2026-07-04 13:13:24] Starting GPU 0 attempt: ./run_oracle_experiment.sh --preset rollout_post_prompt_oracle --target-prompt-offset 75 --target-prompt-limit 25 --num-rollouts 50 --oracle-prompts-path prompts/oracle_prompts/default_oracle_prompts.json --oracle-eval-batch-size 32 --oracle-judge-batch-size 8 --judge-instruction-path strongReject_v5.jinja2 --judge-thinking off --wandb on --wandb-run-name parallel_20260704_130417__deterministic_prompt_0_shard_3 --set WANDB_GROUP=parallel_20260704_130417 --set WANDB_JOB_TYPE=deterministic_prompt_0_shard_3 
[2026-07-04 13:13:24] Attempt log: logs/parallel_20260704_130417/deterministic_prompt_0_shard_3_attempt-6_oracle-eval-32_oracle-judge-8.log
[2026-07-04 13:13:25] Finished GPU 1 attempt successfully: prompt_only_prompt_1_shard_0_attempt-1_oracle-eval-128_oracle-judge-64.log
[2026-07-04 13:13:28] Job completed: prompt_only_prompt_1_shard_0 gpu=1
[2026-07-04 13:13:33] Launching job=deterministic_prompt_1_shard_0 gpu=1 type=deterministic depends_on=target_shard_0
[2026-07-04 13:13:33] Starting GPU 1 attempt: ./run_oracle_experiment.sh --preset rollout_post_prompt_oracle --target-prompt-offset 0 --target-prompt-limit 25 --num-rollouts 50 --oracle-prompts-path prompts/oracle_prompts/model_answer_min_200_words.json --oracle-eval-batch-size 128 --oracle-judge-batch-size 64 --judge-instruction-path strongReject_v5.jinja2 --judge-thinking off --wandb on --wandb-run-name parallel_20260704_130417__deterministic_prompt_1_shard_0 --set WANDB_GROUP=parallel_20260704_130417 --set WANDB_JOB_TYPE=deterministic_prompt_1_shard_0 
[2026-07-04 13:13:33] Attempt log: logs/parallel_20260704_130417/deterministic_prompt_1_shard_0_attempt-1_oracle-eval-128_oracle-judge-64.log
[2026-07-04 13:14:03] Finished GPU 1 attempt successfully: deterministic_prompt_1_shard_0_attempt-1_oracle-eval-128_oracle-judge-64.log
[2026-07-04 13:14:03] Job completed: deterministic_prompt_1_shard_0 gpu=1
[2026-07-04 13:14:04] GPU 0 attempt failed with exit code 1: deterministic_prompt_0_shard_3_attempt-6_oracle-eval-32_oracle-judge-8.log
[2026-07-04 13:14:04] deterministic_prompt_0_shard_3 hit OOM; retrying with next oracle eval/judge batch pair.
[2026-07-04 13:14:04] deterministic_prompt_0_shard_3 exhausted oracle OOM retry ladder.
[2026-07-04 13:14:08] Launching job=prompt_only_prompt_1_shard_1 gpu=1 type=prompt_only depends_on=none
[2026-07-04 13:14:08] Starting GPU 1 attempt: ./run_oracle_experiment.sh --preset prompt_only_oracle --target-prompt-offset 25 --target-prompt-limit 25 --num-oracle-rollouts 50 --oracle-prompts-path prompts/oracle_prompts/model_answer_min_200_words.json --oracle-eval-batch-size 128 --oracle-judge-batch-size 64 --judge-instruction-path strongReject_v5.jinja2 --judge-thinking off --wandb on --wandb-run-name parallel_20260704_130417__prompt_only_prompt_1_shard_1 --set WANDB_GROUP=parallel_20260704_130417 --set WANDB_JOB_TYPE=prompt_only_prompt_1_shard_1 
[2026-07-04 13:14:08] Attempt log: logs/parallel_20260704_130417/prompt_only_prompt_1_shard_1_attempt-1_oracle-eval-128_oracle-judge-64.log
[2026-07-04 13:14:08] Job failed: deterministic_prompt_0_shard_3 gpu=0 status=1
[2026-07-04 13:14:13] Launching job=deterministic_prompt_1_shard_1 gpu=0 type=deterministic depends_on=target_shard_1
[2026-07-04 13:14:13] Starting GPU 0 attempt: ./run_oracle_experiment.sh --preset rollout_post_prompt_oracle --target-prompt-offset 25 --target-prompt-limit 25 --num-rollouts 50 --oracle-prompts-path prompts/oracle_prompts/model_answer_min_200_words.json --oracle-eval-batch-size 128 --oracle-judge-batch-size 64 --judge-instruction-path strongReject_v5.jinja2 --judge-thinking off --wandb on --wandb-run-name parallel_20260704_130417__deterministic_prompt_1_shard_1 --set WANDB_GROUP=parallel_20260704_130417 --set WANDB_JOB_TYPE=deterministic_prompt_1_shard_1 
[2026-07-04 13:14:13] Attempt log: logs/parallel_20260704_130417/deterministic_prompt_1_shard_1_attempt-1_oracle-eval-128_oracle-judge-64.log
[2026-07-04 13:14:35] Finished GPU 1 attempt successfully: prompt_only_prompt_1_shard_1_attempt-1_oracle-eval-128_oracle-judge-64.log
[2026-07-04 13:14:38] Job completed: prompt_only_prompt_1_shard_1 gpu=1
[2026-07-04 13:14:44] Launching job=prompt_only_prompt_1_shard_2 gpu=1 type=prompt_only depends_on=none
[2026-07-04 13:14:44] Starting GPU 1 attempt: ./run_oracle_experiment.sh --preset prompt_only_oracle --target-prompt-offset 50 --target-prompt-limit 25 --num-oracle-rollouts 50 --oracle-prompts-path prompts/oracle_prompts/model_answer_min_200_words.json --oracle-eval-batch-size 128 --oracle-judge-batch-size 64 --judge-instruction-path strongReject_v5.jinja2 --judge-thinking off --wandb on --wandb-run-name parallel_20260704_130417__prompt_only_prompt_1_shard_2 --set WANDB_GROUP=parallel_20260704_130417 --set WANDB_JOB_TYPE=prompt_only_prompt_1_shard_2 
[2026-07-04 13:14:44] Attempt log: logs/parallel_20260704_130417/prompt_only_prompt_1_shard_2_attempt-1_oracle-eval-128_oracle-judge-64.log
[2026-07-04 13:15:04] GPU 0 attempt failed with exit code 1: deterministic_prompt_1_shard_1_attempt-1_oracle-eval-128_oracle-judge-64.log
[2026-07-04 13:15:04] deterministic_prompt_1_shard_1 hit OOM; retrying with next oracle eval/judge batch pair.
[2026-07-04 13:15:05] Starting GPU 0 attempt: ./run_oracle_experiment.sh --preset rollout_post_prompt_oracle --target-prompt-offset 25 --target-prompt-limit 25 --num-rollouts 50 --oracle-prompts-path prompts/oracle_prompts/model_answer_min_200_words.json --oracle-eval-batch-size 128 --oracle-judge-batch-size 32 --judge-instruction-path strongReject_v5.jinja2 --judge-thinking off --wandb on --wandb-run-name parallel_20260704_130417__deterministic_prompt_1_shard_1 --set WANDB_GROUP=parallel_20260704_130417 --set WANDB_JOB_TYPE=deterministic_prompt_1_shard_1 
[2026-07-04 13:15:05] Attempt log: logs/parallel_20260704_130417/deterministic_prompt_1_shard_1_attempt-2_oracle-eval-128_oracle-judge-32.log
[2026-07-04 13:15:08] Finished GPU 1 attempt successfully: prompt_only_prompt_1_shard_2_attempt-1_oracle-eval-128_oracle-judge-64.log
[2026-07-04 13:15:09] Job completed: prompt_only_prompt_1_shard_2 gpu=1
[2026-07-04 13:15:14] Launching job=deterministic_prompt_1_shard_2 gpu=1 type=deterministic depends_on=target_shard_2
[2026-07-04 13:15:14] Starting GPU 1 attempt: ./run_oracle_experiment.sh --preset rollout_post_prompt_oracle --target-prompt-offset 50 --target-prompt-limit 25 --num-rollouts 50 --oracle-prompts-path prompts/oracle_prompts/model_answer_min_200_words.json --oracle-eval-batch-size 128 --oracle-judge-batch-size 64 --judge-instruction-path strongReject_v5.jinja2 --judge-thinking off --wandb on --wandb-run-name parallel_20260704_130417__deterministic_prompt_1_shard_2 --set WANDB_GROUP=parallel_20260704_130417 --set WANDB_JOB_TYPE=deterministic_prompt_1_shard_2 
[2026-07-04 13:15:14] Attempt log: logs/parallel_20260704_130417/deterministic_prompt_1_shard_2_attempt-1_oracle-eval-128_oracle-judge-64.log
[2026-07-04 13:15:43] Finished GPU 1 attempt successfully: deterministic_prompt_1_shard_2_attempt-1_oracle-eval-128_oracle-judge-64.log
[2026-07-04 13:15:44] Job completed: deterministic_prompt_1_shard_2 gpu=1
[2026-07-04 13:15:49] Launching job=prompt_only_prompt_1_shard_3 gpu=1 type=prompt_only depends_on=none
[2026-07-04 13:15:49] Starting GPU 1 attempt: ./run_oracle_experiment.sh --preset prompt_only_oracle --target-prompt-offset 75 --target-prompt-limit 25 --num-oracle-rollouts 50 --oracle-prompts-path prompts/oracle_prompts/model_answer_min_200_words.json --oracle-eval-batch-size 128 --oracle-judge-batch-size 64 --judge-instruction-path strongReject_v5.jinja2 --judge-thinking off --wandb on --wandb-run-name parallel_20260704_130417__prompt_only_prompt_1_shard_3 --set WANDB_GROUP=parallel_20260704_130417 --set WANDB_JOB_TYPE=prompt_only_prompt_1_shard_3 
[2026-07-04 13:15:49] Attempt log: logs/parallel_20260704_130417/prompt_only_prompt_1_shard_3_attempt-1_oracle-eval-128_oracle-judge-64.log
[2026-07-04 13:15:53] GPU 0 attempt failed with exit code 1: deterministic_prompt_1_shard_1_attempt-2_oracle-eval-128_oracle-judge-32.log
[2026-07-04 13:15:53] deterministic_prompt_1_shard_1 hit OOM; retrying with next oracle eval/judge batch pair.
[2026-07-04 13:15:53] Starting GPU 0 attempt: ./run_oracle_experiment.sh --preset rollout_post_prompt_oracle --target-prompt-offset 25 --target-prompt-limit 25 --num-rollouts 50 --oracle-prompts-path prompts/oracle_prompts/model_answer_min_200_words.json --oracle-eval-batch-size 64 --oracle-judge-batch-size 32 --judge-instruction-path strongReject_v5.jinja2 --judge-thinking off --wandb on --wandb-run-name parallel_20260704_130417__deterministic_prompt_1_shard_1 --set WANDB_GROUP=parallel_20260704_130417 --set WANDB_JOB_TYPE=deterministic_prompt_1_shard_1 
[2026-07-04 13:15:53] Attempt log: logs/parallel_20260704_130417/deterministic_prompt_1_shard_1_attempt-3_oracle-eval-64_oracle-judge-32.log
[2026-07-04 13:16:20] Finished GPU 1 attempt successfully: prompt_only_prompt_1_shard_3_attempt-1_oracle-eval-128_oracle-judge-64.log
[2026-07-04 13:16:24] Job completed: prompt_only_prompt_1_shard_3 gpu=1
[2026-07-04 13:16:29] Launching job=deterministic_prompt_1_shard_3 gpu=1 type=deterministic depends_on=target_shard_3
[2026-07-04 13:16:29] Starting GPU 1 attempt: ./run_oracle_experiment.sh --preset rollout_post_prompt_oracle --target-prompt-offset 75 --target-prompt-limit 25 --num-rollouts 50 --oracle-prompts-path prompts/oracle_prompts/model_answer_min_200_words.json --oracle-eval-batch-size 128 --oracle-judge-batch-size 64 --judge-instruction-path strongReject_v5.jinja2 --judge-thinking off --wandb on --wandb-run-name parallel_20260704_130417__deterministic_prompt_1_shard_3 --set WANDB_GROUP=parallel_20260704_130417 --set WANDB_JOB_TYPE=deterministic_prompt_1_shard_3 
[2026-07-04 13:16:29] Attempt log: logs/parallel_20260704_130417/deterministic_prompt_1_shard_3_attempt-1_oracle-eval-128_oracle-judge-64.log
[2026-07-04 13:16:48] GPU 0 attempt failed with exit code 1: deterministic_prompt_1_shard_1_attempt-3_oracle-eval-64_oracle-judge-32.log
[2026-07-04 13:16:48] deterministic_prompt_1_shard_1 hit OOM; retrying with next oracle eval/judge batch pair.
[2026-07-04 13:16:48] Starting GPU 0 attempt: ./run_oracle_experiment.sh --preset rollout_post_prompt_oracle --target-prompt-offset 25 --target-prompt-limit 25 --num-rollouts 50 --oracle-prompts-path prompts/oracle_prompts/model_answer_min_200_words.json --oracle-eval-batch-size 64 --oracle-judge-batch-size 16 --judge-instruction-path strongReject_v5.jinja2 --judge-thinking off --wandb on --wandb-run-name parallel_20260704_130417__deterministic_prompt_1_shard_1 --set WANDB_GROUP=parallel_20260704_130417 --set WANDB_JOB_TYPE=deterministic_prompt_1_shard_1 
[2026-07-04 13:16:48] Attempt log: logs/parallel_20260704_130417/deterministic_prompt_1_shard_1_attempt-4_oracle-eval-64_oracle-judge-16.log
[2026-07-04 13:17:10] GPU 1 attempt failed with exit code 1: deterministic_prompt_1_shard_3_attempt-1_oracle-eval-128_oracle-judge-64.log
[2026-07-04 13:17:10] deterministic_prompt_1_shard_3 hit OOM; retrying with next oracle eval/judge batch pair.
[2026-07-04 13:17:10] Starting GPU 1 attempt: ./run_oracle_experiment.sh --preset rollout_post_prompt_oracle --target-prompt-offset 75 --target-prompt-limit 25 --num-rollouts 50 --oracle-prompts-path prompts/oracle_prompts/model_answer_min_200_words.json --oracle-eval-batch-size 128 --oracle-judge-batch-size 32 --judge-instruction-path strongReject_v5.jinja2 --judge-thinking off --wandb on --wandb-run-name parallel_20260704_130417__deterministic_prompt_1_shard_3 --set WANDB_GROUP=parallel_20260704_130417 --set WANDB_JOB_TYPE=deterministic_prompt_1_shard_3 
[2026-07-04 13:17:10] Attempt log: logs/parallel_20260704_130417/deterministic_prompt_1_shard_3_attempt-2_oracle-eval-128_oracle-judge-32.log
[2026-07-04 13:17:37] GPU 0 attempt failed with exit code 1: deterministic_prompt_1_shard_1_attempt-4_oracle-eval-64_oracle-judge-16.log
[2026-07-04 13:17:37] deterministic_prompt_1_shard_1 hit OOM; retrying with next oracle eval/judge batch pair.
[2026-07-04 13:17:37] Starting GPU 0 attempt: ./run_oracle_experiment.sh --preset rollout_post_prompt_oracle --target-prompt-offset 25 --target-prompt-limit 25 --num-rollouts 50 --oracle-prompts-path prompts/oracle_prompts/model_answer_min_200_words.json --oracle-eval-batch-size 32 --oracle-judge-batch-size 16 --judge-instruction-path strongReject_v5.jinja2 --judge-thinking off --wandb on --wandb-run-name parallel_20260704_130417__deterministic_prompt_1_shard_1 --set WANDB_GROUP=parallel_20260704_130417 --set WANDB_JOB_TYPE=deterministic_prompt_1_shard_1 
[2026-07-04 13:17:37] Attempt log: logs/parallel_20260704_130417/deterministic_prompt_1_shard_1_attempt-5_oracle-eval-32_oracle-judge-16.log
[2026-07-04 13:17:51] GPU 1 attempt failed with exit code 1: deterministic_prompt_1_shard_3_attempt-2_oracle-eval-128_oracle-judge-32.log
[2026-07-04 13:17:51] deterministic_prompt_1_shard_3 hit OOM; retrying with next oracle eval/judge batch pair.
[2026-07-04 13:17:51] Starting GPU 1 attempt: ./run_oracle_experiment.sh --preset rollout_post_prompt_oracle --target-prompt-offset 75 --target-prompt-limit 25 --num-rollouts 50 --oracle-prompts-path prompts/oracle_prompts/model_answer_min_200_words.json --oracle-eval-batch-size 64 --oracle-judge-batch-size 32 --judge-instruction-path strongReject_v5.jinja2 --judge-thinking off --wandb on --wandb-run-name parallel_20260704_130417__deterministic_prompt_1_shard_3 --set WANDB_GROUP=parallel_20260704_130417 --set WANDB_JOB_TYPE=deterministic_prompt_1_shard_3 
[2026-07-04 13:17:51] Attempt log: logs/parallel_20260704_130417/deterministic_prompt_1_shard_3_attempt-3_oracle-eval-64_oracle-judge-32.log
[2026-07-04 13:18:26] GPU 0 attempt failed with exit code 1: deterministic_prompt_1_shard_1_attempt-5_oracle-eval-32_oracle-judge-16.log
[2026-07-04 13:18:26] deterministic_prompt_1_shard_1 hit OOM; retrying with next oracle eval/judge batch pair.
[2026-07-04 13:18:26] Starting GPU 0 attempt: ./run_oracle_experiment.sh --preset rollout_post_prompt_oracle --target-prompt-offset 25 --target-prompt-limit 25 --num-rollouts 50 --oracle-prompts-path prompts/oracle_prompts/model_answer_min_200_words.json --oracle-eval-batch-size 32 --oracle-judge-batch-size 8 --judge-instruction-path strongReject_v5.jinja2 --judge-thinking off --wandb on --wandb-run-name parallel_20260704_130417__deterministic_prompt_1_shard_1 --set WANDB_GROUP=parallel_20260704_130417 --set WANDB_JOB_TYPE=deterministic_prompt_1_shard_1 
[2026-07-04 13:18:26] Attempt log: logs/parallel_20260704_130417/deterministic_prompt_1_shard_1_attempt-6_oracle-eval-32_oracle-judge-8.log
[2026-07-04 13:18:33] GPU 1 attempt failed with exit code 1: deterministic_prompt_1_shard_3_attempt-3_oracle-eval-64_oracle-judge-32.log
[2026-07-04 13:18:33] deterministic_prompt_1_shard_3 hit OOM; retrying with next oracle eval/judge batch pair.
[2026-07-04 13:18:33] Starting GPU 1 attempt: ./run_oracle_experiment.sh --preset rollout_post_prompt_oracle --target-prompt-offset 75 --target-prompt-limit 25 --num-rollouts 50 --oracle-prompts-path prompts/oracle_prompts/model_answer_min_200_words.json --oracle-eval-batch-size 64 --oracle-judge-batch-size 16 --judge-instruction-path strongReject_v5.jinja2 --judge-thinking off --wandb on --wandb-run-name parallel_20260704_130417__deterministic_prompt_1_shard_3 --set WANDB_GROUP=parallel_20260704_130417 --set WANDB_JOB_TYPE=deterministic_prompt_1_shard_3 
[2026-07-04 13:18:33] Attempt log: logs/parallel_20260704_130417/deterministic_prompt_1_shard_3_attempt-4_oracle-eval-64_oracle-judge-16.log
[2026-07-04 13:19:14] GPU 0 attempt failed with exit code 1: deterministic_prompt_1_shard_1_attempt-6_oracle-eval-32_oracle-judge-8.log
[2026-07-04 13:19:14] deterministic_prompt_1_shard_1 hit OOM; retrying with next oracle eval/judge batch pair.
[2026-07-04 13:19:14] deterministic_prompt_1_shard_1 exhausted oracle OOM retry ladder.
[2026-07-04 13:19:14] Job failed: deterministic_prompt_1_shard_1 gpu=0 status=1
[2026-07-04 13:19:15] GPU 1 attempt failed with exit code 1: deterministic_prompt_1_shard_3_attempt-4_oracle-eval-64_oracle-judge-16.log
[2026-07-04 13:19:15] deterministic_prompt_1_shard_3 hit OOM; retrying with next oracle eval/judge batch pair.
[2026-07-04 13:19:15] Starting GPU 1 attempt: ./run_oracle_experiment.sh --preset rollout_post_prompt_oracle --target-prompt-offset 75 --target-prompt-limit 25 --num-rollouts 50 --oracle-prompts-path prompts/oracle_prompts/model_answer_min_200_words.json --oracle-eval-batch-size 32 --oracle-judge-batch-size 16 --judge-instruction-path strongReject_v5.jinja2 --judge-thinking off --wandb on --wandb-run-name parallel_20260704_130417__deterministic_prompt_1_shard_3 --set WANDB_GROUP=parallel_20260704_130417 --set WANDB_JOB_TYPE=deterministic_prompt_1_shard_3 
[2026-07-04 13:19:15] Attempt log: logs/parallel_20260704_130417/deterministic_prompt_1_shard_3_attempt-5_oracle-eval-32_oracle-judge-16.log
[2026-07-04 13:19:55] GPU 1 attempt failed with exit code 1: deterministic_prompt_1_shard_3_attempt-5_oracle-eval-32_oracle-judge-16.log
[2026-07-04 13:19:55] deterministic_prompt_1_shard_3 hit OOM; retrying with next oracle eval/judge batch pair.
[2026-07-04 13:19:55] Starting GPU 1 attempt: ./run_oracle_experiment.sh --preset rollout_post_prompt_oracle --target-prompt-offset 75 --target-prompt-limit 25 --num-rollouts 50 --oracle-prompts-path prompts/oracle_prompts/model_answer_min_200_words.json --oracle-eval-batch-size 32 --oracle-judge-batch-size 8 --judge-instruction-path strongReject_v5.jinja2 --judge-thinking off --wandb on --wandb-run-name parallel_20260704_130417__deterministic_prompt_1_shard_3 --set WANDB_GROUP=parallel_20260704_130417 --set WANDB_JOB_TYPE=deterministic_prompt_1_shard_3 
[2026-07-04 13:19:55] Attempt log: logs/parallel_20260704_130417/deterministic_prompt_1_shard_3_attempt-6_oracle-eval-32_oracle-judge-8.log
[2026-07-04 13:20:36] GPU 1 attempt failed with exit code 1: deterministic_prompt_1_shard_3_attempt-6_oracle-eval-32_oracle-judge-8.log
[2026-07-04 13:20:36] deterministic_prompt_1_shard_3 hit OOM; retrying with next oracle eval/judge batch pair.
[2026-07-04 13:20:36] deterministic_prompt_1_shard_3 exhausted oracle OOM retry ladder.
[2026-07-04 13:20:39] Job failed: deterministic_prompt_1_shard_3 gpu=1 status=1
[2026-07-04 13:20:39] Summary done: target_shard_0 control_shard_0 target_shard_1 control_shard_1 target_shard_2 control_shard_2 target_shard_3 control_shard_3 prompt_only_prompt_0_shard_0 deterministic_prompt_0_shard_0 prompt_only_prompt_0_shard_1 prompt_only_prompt_0_shard_2 deterministic_prompt_0_shard_2 prompt_only_prompt_0_shard_3 prompt_only_prompt_1_shard_0 deterministic_prompt_1_shard_0 prompt_only_prompt_1_shard_1 prompt_only_prompt_1_shard_2 deterministic_prompt_1_shard_2 prompt_only_prompt_1_shard_3
[2026-07-04 13:20:39] Summary failed: deterministic_prompt_0_shard_1 deterministic_prompt_0_shard_3 deterministic_prompt_1_shard_1 deterministic_prompt_1_shard_3
[2026-07-04 13:20:39] Summary blocked: <none>
[2026-07-04 13:20:39] Summary pending: <none>
[2026-07-04 13:20:39] Summary running: <none>
[2026-07-04 13:20:39] ERROR: 4 job(s) failed or were blocked. Check logs under logs/parallel_20260704_130417.
